Component: ARM Compiler 5.06 update 6 (build 750) Tool: armlink [4d35ed]

==============================================================================

Section Cross References

    main.o(i.interrupt_handler) refers to main.o(.data) for action_on_touchscreen
    main.o(i.main) refers to main.o(i.main_setup) for main_setup
    main.o(i.main) refers to main.o(i.main_loop) for main_loop
    main.o(i.main) refers to timelib.o(i.sleep_for_millis) for sleep_for_millis
    main.o(i.main_loop) refers to timelib.o(i.sleep_for_millis) for sleep_for_millis
    main.o(i.main_loop) refers to main.o(.data) for action_on_touchscreen
    main.o(i.main_setup) refers to lcdlib.o(i.lcd_init) for lcd_init
    main.o(i.main_setup) refers to soundlib.o(i.dac_init) for dac_init
    main.o(i.main_setup) refers to timelib.o(i.timer_init) for timer_init
    main.o(i.main_setup) refers to soundlib.o(i.set_volume) for set_volume
    main.o(i.main_setup) refers to soundlib.o(i.start_sound) for start_sound
    main.o(i.main_setup) refers to lcdlib.o(i.set_interrupt_on_touch) for set_interrupt_on_touch
    main.o(i.main_setup) refers to main.o(.data) for action_on_touchscreen
    main.o(i.main_setup) refers to main.o(i.interrupt_handler) for interrupt_handler
    asciilib.o(i.GetASCIICode) refers to rt_memcpy_v6.o(.text) for __aeabi_memcpy
    asciilib.o(i.GetASCIICode) refers to asciilib.o(.constdata) for AsciiLib
    lcd_ili9325.o(i.init_ILI9325) refers to open1768_lcd.o(i.lcdWriteReg) for lcdWriteReg
    lcd_ili9325.o(i.init_ILI9325) refers to lcd_ili9325.o(i.delay_ms) for delay_ms
    lcdlib.o(i.EINT3_IRQHandler) refers to lcdlib.o(.data) for is_holding
    lcdlib.o(i.clear_screen) refers to lcdlib.o(i.clear_screen_with) for clear_screen_with
    lcdlib.o(i.clear_screen_with) refers to open1768_lcd.o(i.lcdWriteReg) for lcdWriteReg
    lcdlib.o(i.clear_screen_with) refers to open1768_lcd.o(i.lcdWriteIndex) for lcdWriteIndex
    lcdlib.o(i.clear_screen_with) refers to open1768_lcd.o(i.lcdWriteData) for lcdWriteData
    lcdlib.o(i.disable_interrupt_on_touch) refers to lcdlib.o(i.__NVIC_DisableIRQ) for __NVIC_DisableIRQ
    lcdlib.o(i.disable_interrupt_on_touch) refers to lcdlib.o(.data) for interrupts_on_touch_enabled
    lcdlib.o(i.draw_char) refers to asciilib.o(i.GetASCIICode) for GetASCIICode
    lcdlib.o(i.draw_char) refers to lcdlib.o(i.draw_point) for draw_point
    lcdlib.o(i.draw_circle) refers to open1768_lcd.o(i.lcdWriteReg) for lcdWriteReg
    lcdlib.o(i.draw_circle) refers to open1768_lcd.o(i.lcdWriteIndex) for lcdWriteIndex
    lcdlib.o(i.draw_circle) refers to lcdlib.o(i.point_in_circle) for point_in_circle
    lcdlib.o(i.draw_circle) refers to open1768_lcd.o(i.lcdWriteData) for lcdWriteData
    lcdlib.o(i.draw_point) refers to open1768_lcd.o(i.lcdWriteReg) for lcdWriteReg
    lcdlib.o(i.draw_polygon) refers to lcdlib.o(i.draw_triangle) for draw_triangle
    lcdlib.o(i.draw_quadrangle) refers to lcdlib.o(i.draw_triangle) for draw_triangle
    lcdlib.o(i.draw_rectangle) refers to lcdlib.o(i.draw_quadrangle) for draw_quadrangle
    lcdlib.o(i.draw_string) refers to lcdlib.o(i.draw_char) for draw_char
    lcdlib.o(i.draw_triangle) refers to open1768_lcd.o(i.lcdWriteReg) for lcdWriteReg
    lcdlib.o(i.draw_triangle) refers to open1768_lcd.o(i.lcdWriteIndex) for lcdWriteIndex
    lcdlib.o(i.draw_triangle) refers to lcdlib.o(i.point_in_triangle) for point_in_triangle
    lcdlib.o(i.draw_triangle) refers to open1768_lcd.o(i.lcdWriteData) for lcdWriteData
    lcdlib.o(i.get_colour) refers to dflt_clz.o(x$fpl$dfltu) for __aeabi_ui2d
    lcdlib.o(i.get_colour) refers to ddiv.o(x$fpl$ddiv) for __aeabi_ddiv
    lcdlib.o(i.get_colour) refers to dmul.o(x$fpl$dmul) for __aeabi_dmul
    lcdlib.o(i.get_colour) refers to d2f.o(x$fpl$d2f) for __aeabi_d2f
    lcdlib.o(i.get_colour) refers to ffixu.o(x$fpl$ffixu) for __aeabi_f2uiz
    lcdlib.o(i.get_colour) refers to lcdlib.o(i._get_colour) for _get_colour
    lcdlib.o(i.get_position) refers to lcdlib.o(i.__NVIC_DisableIRQ) for __NVIC_DisableIRQ
    lcdlib.o(i.get_position) refers to tp_open1768.o(i.touchpanelGetXY) for touchpanelGetXY
    lcdlib.o(i.get_position) refers to lcdlib.o(i.__NVIC_ClearPendingIRQ) for __NVIC_ClearPendingIRQ
    lcdlib.o(i.get_position) refers to lcdlib.o(i.__NVIC_EnableIRQ) for __NVIC_EnableIRQ
    lcdlib.o(i.get_position) refers to lcdlib.o(.data) for interrupts_on_touch_enabled
    lcdlib.o(i.get_position_with_precision) refers to lcdlib.o(i.get_position) for get_position
    lcdlib.o(i.is_touchpanel_pressed) refers to lcdlib.o(.data) for is_holding
    lcdlib.o(i.lcd_init) refers to open1768_lcd.o(i.lcdConfiguration) for lcdConfiguration
    lcdlib.o(i.lcd_init) refers to lcd_ili9325.o(i.init_ILI9325) for init_ILI9325
    lcdlib.o(i.lcd_init) refers to tp_open1768.o(i.touchpanelInit) for touchpanelInit
    lcdlib.o(i.lcd_init) refers to lcdlib.o(.data) for interrupts_on_touch_enabled
[...]
    buttons_open1768.o(i.Buttons_GetState) refers to gpio_lpc17xx.o(i.GPIO_PinRead) for GPIO_PinRead
    buttons_open1768.o(i.Buttons_GetState) refers to buttons_open1768.o(.constdata) for BUTTON_PIN
    buttons_open1768.o(i.Buttons_Initialize) refers to gpio_lpc17xx.o(i.GPIO_PortClock) for GPIO_PortClock
    buttons_open1768.o(i.Buttons_Initialize) refers to pin_lpc17xx.o(i.PIN_Configure) for PIN_Configure
    buttons_open1768.o(i.Buttons_Initialize) refers to gpio_lpc17xx.o(i.GPIO_SetDir) for GPIO_SetDir
    buttons_open1768.o(i.Buttons_Initialize) refers to buttons_open1768.o(.constdata) for BUTTON_PIN
    buttons_open1768.o(i.Buttons_Uninitialize) refers to pin_lpc17xx.o(i.PIN_Configure) for PIN_Configure
    buttons_open1768.o(i.Buttons_Uninitialize) refers to buttons_open1768.o(.constdata) for BUTTON_PIN
    gpdma_lpc17xx.o(i.Clear_Channel_active_flag) refers to gpdma_lpc17xx.o(.data) for Channel_active
    gpdma_lpc17xx.o(i.DMA_IRQHandler) refers to gpdma_lpc17xx.o(i.Clear_Channel_active_flag) for Clear_Channel_active_flag
    gpdma_lpc17xx.o(i.DMA_IRQHandler) refers to gpdma_lpc17xx.o(.bss) for Channel_info
    gpdma_lpc17xx.o(i.GPDMA_ChannelConfigure) refers to gpdma_lpc17xx.o(i.Set_Channel_active_flag) for Set_Channel_active_flag
    gpdma_lpc17xx.o(i.GPDMA_ChannelConfigure) refers to gpdma_lpc17xx.o(i.Clear_Channel_active_flag) for Clear_Channel_active_flag
    gpdma_lpc17xx.o(i.GPDMA_ChannelConfigure) refers to gpdma_lpc17xx.o(.bss) for Channel_info
    gpdma_lpc17xx.o(i.GPDMA_ChannelDisable) refers to gpdma_lpc17xx.o(i.Clear_Channel_active_flag) for Clear_Channel_active_flag
    gpdma_lpc17xx.o(i.GPDMA_ChannelEnable) refers to gpdma_lpc17xx.o(i.Set_Channel_active_flag) for Set_Channel_active_flag
    gpdma_lpc17xx.o(i.GPDMA_ChannelGetCount) refers to gpdma_lpc17xx.o(.bss) for Channel_info
    gpdma_lpc17xx.o(i.GPDMA_ChannelGetStatus) refers to gpdma_lpc17xx.o(.data) for Channel_active
    gpdma_lpc17xx.o(i.GPDMA_Initialize) refers to gpdma_lpc17xx.o(i.__NVIC_ClearPendingIRQ) for __NVIC_ClearPendingIRQ
    gpdma_lpc17xx.o(i.GPDMA_Initialize) refers to gpdma_lpc17xx.o(.data) for Init_cnt
    gpdma_lpc17xx.o(i.GPDMA_Initialize) refers to gpdma_lpc17xx.o(.bss) for Channel_info
    gpdma_lpc17xx.o(i.GPDMA_Uninitialize) refers to gpdma_lpc17xx.o(i.__NVIC_ClearPendingIRQ) for __NVIC_ClearPendingIRQ
    gpdma_lpc17xx.o(i.GPDMA_Uninitialize) refers to gpdma_lpc17xx.o(.data) for Init_cnt
    gpdma_lpc17xx.o(i.Set_Channel_active_flag) refers to gpdma_lpc17xx.o(.data) for Channel_active
    startup_lpc17xx.o(STACK) refers (Special) to heapauxi.o(.text) for __use_two_region_memory
    startup_lpc17xx.o(HEAP) refers (Special) to heapauxi.o(.text) for __use_two_region_memory
    startup_lpc17xx.o(RESET) refers (Special) to heapauxi.o(.text) for __use_two_region_memory
    startup_lpc17xx.o(RESET) refers to startup_lpc17xx.o(STACK) for __initial_sp
    startup_lpc17xx.o(RESET) refers to startup_lpc17xx.o(.text) for Reset_Handler
    startup_lpc17xx.o(RESET) refers to timelib.o(i.SysTick_Handler) for SysTick_Handler
    startup_lpc17xx.o(RESET) refers to soundlib.o(i.TIMER1_IRQHandler) for TIMER1_IRQHandler
    startup_lpc17xx.o(RESET) refers to player_recorder.o(i.TIMER2_IRQHandler) for TIMER2_IRQHandler
    startup_lpc17xx.o(RESET) refers to lcdlib.o(i.EINT3_IRQHandler) for EINT3_IRQHandler
    startup_lpc17xx.o(RESET) refers to gpdma_lpc17xx.o(i.DMA_IRQHandler) for DMA_IRQHandler
    startup_lpc17xx.o(.ARM.__at_0x02FC) refers (Special) to heapauxi.o(.text) for __use_two_region_memory
    startup_lpc17xx.o(.text) refers (Special) to heapauxi.o(.text) for __use_two_region_memory
    startup_lpc17xx.o(.text) refers to system_lpc17xx.o(i.SystemInit) for SystemInit
    startup_lpc17xx.o(.text) refers to __main.o(!!!main) for __main
    startup_lpc17xx.o(.text) refers to startup_lpc17xx.o(HEAP) for Heap_Mem
    startup_lpc17xx.o(.text) refers to startup_lpc17xx.o(STACK) for Stack_Mem
    system_lpc17xx.o(i.SystemCoreClockUpdate) refers to lludivv7m.o(.text) for __aeabi_uldivmod
    system_lpc17xx.o(i.SystemCoreClockUpdate) refers to system_lpc17xx.o(.data) for SystemCoreClock
    rt_memcpy_v6.o(.text) refers to rt_memcpy_w.o(.text) for __aeabi_memcpy4
    __main.o(!!!main) refers to __rtentry.o(.ARM.Collect$$rtentry$$00000000) for __rt_entry
    d2f.o(x$fpl$d2f) refers (Special) to usenofp.o(x$fpl$usenofp) for __I$use$fp
    d2f.o(x$fpl$d2f) refers to fretinf.o(x$fpl$fretinf) for __fpl_fretinf
    d2f.o(x$fpl$d2f) refers to dnaninf.o(x$fpl$dnaninf) for __fpl_dnaninf
    ddiv.o(x$fpl$drdiv) refers (Special) to usenofp.o(x$fpl$usenofp) for __I$use$fp
    ddiv.o(x$fpl$drdiv) refers to ddiv.o(x$fpl$ddiv) for ddiv_entry
    ddiv.o(x$fpl$ddiv) refers (Special) to usenofp.o(x$fpl$usenofp) for __I$use$fp
    ddiv.o(x$fpl$ddiv) refers to dretinf.o(x$fpl$dretinf) for __fpl_dretinf
    ddiv.o(x$fpl$ddiv) refers to dnaninf.o(x$fpl$dnaninf) for __fpl_dnaninf
    dflt_clz.o(x$fpl$dfltu) refers (Special) to usenofp.o(x$fpl$usenofp) for __I$use$fp
    dflt_clz.o(x$fpl$dflt) refers (Special) to usenofp.o(x$fpl$usenofp) for __I$use$fp
    dflt_clz.o(x$fpl$dfltn) refers (Special) to usenofp.o(x$fpl$usenofp) for __I$use$fp
    dmul.o(x$fpl$dmul) refers (Special) to usenofp.o(x$fpl$usenofp) for __I$use$fp
    dmul.o(x$fpl$dmul) refers to dretinf.o(x$fpl$dretinf) for __fpl_dretinf
    dmul.o(x$fpl$dmul) refers to dnaninf.o(x$fpl$dnaninf) for __fpl_dnaninf
    fdiv.o(x$fpl$frdiv) refers (Special) to usenofp.o(x$fpl$usenofp) for __I$use$fp
    fdiv.o(x$fpl$frdiv) refers to fdiv.o(x$fpl$fdiv) for _fdiv1
    fdiv.o(x$fpl$fdiv) refers (Special) to usenofp.o(x$fpl$usenofp) for __I$use$fp
    fdiv.o(x$fpl$fdiv) refers to fretinf.o(x$fpl$fretinf) for __fpl_fretinf
    fdiv.o(x$fpl$fdiv) refers to fnaninf.o(x$fpl$fnaninf) for __fpl_fnaninf
    ffix.o(x$fpl$ffix) refers (Special) to usenofp.o(x$fpl$usenofp) for __I$use$fp
    ffix.o(x$fpl$ffix) refers to fnaninf.o(x$fpl$fnaninf) for __fpl_fnaninf
    ffix.o(x$fpl$ffixr) refers (Special) to usenofp.o(x$fpl$usenofp) for __I$use$fp
    ffix.o(x$fpl$ffixr) refers to fnaninf.o(x$fpl$fnaninf) for __fpl_fnaninf
    ffixu.o(x$fpl$ffixu) refers (Special) to usenofp.o(x$fpl$usenofp) for __I$use$fp
    ffixu.o(x$fpl$ffixu) refers to fnaninf.o(x$fpl$fnaninf) for __fpl_fnaninf
    ffixu.o(x$fpl$ffixur) refers (Special) to usenofp.o(x$fpl$usenofp) for __I$use$fp
    ffixu.o(x$fpl$ffixur) refers to fnaninf.o(x$fpl$fnaninf) for __fpl_fnaninf
    fflt_clz.o(x$fpl$ffltu) refers (Special) to usenofp.o(x$fpl$usenofp) for __I$use$fp
    fflt_clz.o(x$fpl$fflt) refers (Special) to usenofp.o(x$fpl$usenofp) for __I$use$fp
    fflt_clz.o(x$fpl$ffltn) refers (Special) to usenofp.o(x$fpl$usenofp) for __I$use$fp
    fmul.o(x$fpl$fmul) refers (Special) to usenofp.o(x$fpl$usenofp) for __I$use$fp
    fmul.o(x$fpl$fmul) refers to fretinf.o(x$fpl$fretinf) for __fpl_fretinf
    fmul.o(x$fpl$fmul) refers to fnaninf.o(x$fpl$fnaninf) for __fpl_fnaninf
    powf.o(i.__softfp_powf) refers (Special) to usenofp.o(x$fpl$usenofp) for __I$use$fp
    powf.o(i.__softfp_powf) refers to powf.o(i.powf) for powf
    powf.o(i.powf) refers (Special) to usenofp.o(x$fpl$usenofp) for __I$use$fp
    powf.o(i.powf) refers to fflt_clz.o(x$fpl$fflt) for __aeabi_i2f
    powf.o(i.powf) refers to scalbnf.o(x$fpl$scalbnf) for __ARM_scalbnf
    powf.o(i.powf) refers to faddsub_clz.o(x$fpl$fadd) for __aeabi_fadd
    powf.o(i.powf) refers to faddsub_clz.o(x$fpl$fsub) for __aeabi_fsub
    powf.o(i.powf) refers to fdiv.o(x$fpl$fdiv) for __aeabi_fdiv
    powf.o(i.powf) refers to fmul.o(x$fpl$fmul) for __aeabi_fmul
    powf.o(i.powf) refers to faddsub_clz.o(x$fpl$frsb) for __aeabi_frsub
    powf.o(i.powf) refers to ffix.o(x$fpl$ffixr) for _ffix_r
    powf.o(i.powf) refers to fpclassifyf.o(i.__ARM_fpclassifyf) for __ARM_fpclassifyf
    powf.o(i.powf) refers to funder.o(i.__mathlib_flt_underflow) for __mathlib_flt_underflow
    powf.o(i.powf) refers to _rserrno.o(.text) for __set_errno
    powf.o(i.powf) refers to funder.o(i.__mathlib_flt_overflow) for __mathlib_flt_overflow
    powf.o(i.powf) refers to funder.o(i.__mathlib_flt_invalid) for __mathlib_flt_invalid
    powf.o(i.powf) refers to powf.o(.constdata) for .constdata
    powf.o(i.powf) refers to funder.o(i.__mathlib_flt_infnan2) for __mathlib_flt_infnan2
    powf.o(i.powf) refers to funder.o(i.__mathlib_flt_divzero) for __mathlib_flt_divzero
    powf.o(.constdata) refers (Special) to usenofp.o(x$fpl$usenofp) for __I$use$fp
    powf_x.o(i.____softfp_powf$lsc) refers (Special) to usenofp.o(x$fpl$usenofp) for __I$use$fp
    powf_x.o(i.____softfp_powf$lsc) refers to powf_x.o(i.__powf$lsc) for __powf$lsc
    powf_x.o(i.__powf$lsc) refers (Special) to usenofp.o(x$fpl$usenofp) for __I$use$fp
    powf_x.o(i.__powf$lsc) refers to fflt_clz.o(x$fpl$fflt) for __aeabi_i2f
    powf_x.o(i.__powf$lsc) refers to scalbnf.o(x$fpl$scalbnf) for __ARM_scalbnf
    powf_x.o(i.__powf$lsc) refers to faddsub_clz.o(x$fpl$fadd) for __aeabi_fadd
    powf_x.o(i.__powf$lsc) refers to faddsub_clz.o(x$fpl$fsub) for __aeabi_fsub
    powf_x.o(i.__powf$lsc) refers to fdiv.o(x$fpl$fdiv) for __aeabi_fdiv
    powf_x.o(i.__powf$lsc) refers to fmul.o(x$fpl$fmul) for __aeabi_fmul
    powf_x.o(i.__powf$lsc) refers to faddsub_clz.o(x$fpl$frsb) for __aeabi_frsub
    powf_x.o(i.__powf$lsc) refers to ffix.o(x$fpl$ffixr) for _ffix_r
    powf_x.o(i.__powf$lsc) refers to _rserrno.o(.text) for __set_errno
    powf_x.o(i.__powf$lsc) refers to powf_x.o(.constdata) for .constdata
    powf_x.o(i.__powf$lsc) refers to funder.o(i.__mathlib_flt_infnan2) for __mathlib_flt_infnan2
    powf_x.o(.constdata) refers (Special) to usenofp.o(x$fpl$usenofp) for __I$use$fp
    __rtentry.o(.ARM.Collect$$rtentry$$00000000) refers (Special) to __rtentry2.o(.ARM.Collect$$rtentry$$0000000A) for __rt_entry_li
    __rtentry.o(.ARM.Collect$$rtentry$$00000000) refers (Special) to __rtentry2.o(.ARM.Collect$$rtentry$$0000000D) for __rt_entry_main
    __rtentry.o(.ARM.Collect$$rtentry$$00000000) refers (Special) to __rtentry2.o(.ARM.Collect$$rtentry$$0000000C) for __rt_entry_postli_1
    __rtentry.o(.ARM.Collect$$rtentry$$00000000) refers (Special) to __rtentry2.o(.ARM.Collect$$rtentry$$00000009) for __rt_entry_postsh_1
    __rtentry.o(.ARM.Collect$$rtentry$$00000000) refers (Special) to __rtentry2.o(.ARM.Collect$$rtentry$$00000002) for __rt_entry_presh_1
    __rtentry.o(.ARM.Collect$$rtentry$$00000000) refers (Special) to __rtentry4.o(.ARM.Collect$$rtentry$$00000004) for __rt_entry_sh
    aeabi_ldiv0_sigfpe.o(.text) refers to rt_div0.o(.text) for __rt_div0
    _rserrno.o(.text) refers to rt_errno_addr_intlibspace.o(.text) for __aeabi_errno_addr
    dnaninf.o(x$fpl$dnaninf) refers (Special) to usenofp.o(x$fpl$usenofp) for __I$use$fp
    dretinf.o(x$fpl$dretinf) refers (Special) to usenofp.o(x$fpl$usenofp) for __I$use$fp
    faddsub_clz.o(x$fpl$fadd) refers (Special) to usenofp.o(x$fpl$usenofp) for __I$use$fp
    faddsub_clz.o(x$fpl$fadd) refers to faddsub_clz.o(x$fpl$fsub) for _fsub1
    faddsub_clz.o(x$fpl$fadd) refers to fretinf.o(x$fpl$fretinf) for __fpl_fretinf
    faddsub_clz.o(x$fpl$fadd) refers to fnaninf.o(x$fpl$fnaninf) for __fpl_fnaninf
    faddsub_clz.o(x$fpl$frsb) refers (Special) to usenofp.o(x$fpl$usenofp) for __I$use$fp
    faddsub_clz.o(x$fpl$frsb) refers to faddsub_clz.o(x$fpl$fadd) for _fadd1
    faddsub_clz.o(x$fpl$frsb) refers to faddsub_clz.o(x$fpl$fsub) for _fsub1
    faddsub_clz.o(x$fpl$fsub) refers (Special) to usenofp.o(x$fpl$usenofp) for __I$use$fp
    faddsub_clz.o(x$fpl$fsub) refers to faddsub_clz.o(x$fpl$fadd) for _fadd1
    faddsub_clz.o(x$fpl$fsub) refers to fnaninf.o(x$fpl$fnaninf) for __fpl_fnaninf
    fnaninf.o(x$fpl$fnaninf) refers (Special) to usenofp.o(x$fpl$usenofp) for __I$use$fp
    fretinf.o(x$fpl$fretinf) refers (Special) to usenofp.o(x$fpl$usenofp) for __I$use$fp
    istatus.o(x$fpl$ieeestatus) refers (Special) to usenofp.o(x$fpl$usenofp) for __I$use$fp
    scalbnf.o(x$fpl$scalbnf) refers (Special) to usenofp.o(x$fpl$usenofp) for __I$use$fp
    scalbnf.o(x$fpl$scalbnf) refers to fcheck1.o(x$fpl$fcheck1) for __fpl_fcheck_NaN1
    fpclassifyf.o(i.__ARM_fpclassifyf) refers (Special) to usenofp.o(x$fpl$usenofp) for __I$use$fp
    funder.o(i.__mathlib_flt_divzero) refers to fdiv.o(x$fpl$fdiv) for __aeabi_fdiv
    funder.o(i.__mathlib_flt_infnan) refers to scalbnf.o(x$fpl$scalbnf) for __ARM_scalbnf
    funder.o(i.__mathlib_flt_infnan2) refers to faddsub_clz.o(x$fpl$fadd) for __aeabi_fadd
    funder.o(i.__mathlib_flt_invalid) refers to fdiv.o(x$fpl$fdiv) for __aeabi_fdiv
    funder.o(i.__mathlib_flt_overflow) refers to scalbnf.o(x$fpl$scalbnf) for __ARM_scalbnf
    funder.o(i.__mathlib_flt_posinfnan) refers to fmul.o(x$fpl$fmul) for __aeabi_fmul
    funder.o(i.__mathlib_flt_underflow) refers to scalbnf.o(x$fpl$scalbnf) for __ARM_scalbnf
    __rtentry2.o(.ARM.Collect$$rtentry$$00000008) refers to boardinit2.o(.text) for _platform_post_stackheap_init
    __rtentry2.o(.ARM.Collect$$rtentry$$0000000A) refers to libinit.o(.ARM.Collect$$libinit$$00000000) for __rt_lib_init
    __rtentry2.o(.ARM.Collect$$rtentry$$0000000B) refers to boardinit3.o(.text) for _platform_post_lib_init
    __rtentry2.o(.ARM.Collect$$rtentry$$0000000D) refers to main.o(i.main) for main
    __rtentry2.o(.ARM.Collect$$rtentry$$0000000D) refers to exit.o(.text) for exit
    __rtentry2.o(.ARM.exidx) refers to __rtentry2.o(.ARM.Collect$$rtentry$$00000001) for .ARM.Collect$$rtentry$$00000001
    __rtentry2.o(.ARM.exidx) refers to __rtentry2.o(.ARM.Collect$$rtentry$$00000008) for .ARM.Collect$$rtentry$$00000008
    __rtentry2.o(.ARM.exidx) refers to __rtentry2.o(.ARM.Collect$$rtentry$$0000000A) for .ARM.Collect$$rtentry$$0000000A
    __rtentry2.o(.ARM.exidx) refers to __rtentry2.o(.ARM.Collect$$rtentry$$0000000B) for .ARM.Collect$$rtentry$$0000000B
    __rtentry2.o(.ARM.exidx) refers to __rtentry2.o(.ARM.Collect$$rtentry$$0000000D) for .ARM.Collect$$rtentry$$0000000D
    __rtentry4.o(.ARM.Collect$$rtentry$$00000004) refers to sys_stackheap_outer.o(.text) for __user_setup_stackheap
    __rtentry4.o(.ARM.exidx) refers to __rtentry4.o(.ARM.Collect$$rtentry$$00000004) for .ARM.Collect$$rtentry$$00000004
    rt_div0.o(.text) refers to defsig_fpe_outer.o(.text) for __rt_SIGFPE
    rt_errno_addr.o(.text) refers to rt_errno_addr.o(.bss) for __aeabi_errno_addr_data
    rt_errno_addr_intlibspace.o(.text) refers to libspace.o(.bss) for __libspace_start
    fcheck1.o(x$fpl$fcheck1) refers (Special) to usenofp.o(x$fpl$usenofp) for __I$use$fp
    fcheck1.o(x$fpl$fcheck1) refers to retnan.o(x$fpl$retnan) for __fpl_return_NaN
    libspace.o(.text) refers to libspace.o(.bss) for __libspace_start
    sys_stackheap_outer.o(.text) refers to libspace.o(.text) for __user_perproc_libspace
    sys_stackheap_outer.o(.text) refers to startup_lpc17xx.o(.text) for __user_initial_stackheap
    exit.o(.text) refers to rtexit.o(.ARM.Collect$$rtexit$$00000000) for __rt_exit
    defsig_fpe_outer.o(.text) refers to defsig_fpe_inner.o(.text) for __rt_SIGFPE_inner
    defsig_fpe_outer.o(.text) refers to defsig_exit.o(.text) for __sig_exit
    defsig_fpe_formal.o(.text) refers to rt_raise.o(.text) for __rt_raise
    libinit.o(.ARM.Collect$$libinit$$00000000) refers (Special) to libinit2.o(.ARM.Collect$$libinit$$0000002E) for __rt_lib_init_alloca_1
    libinit.o(.ARM.Collect$$libinit$$00000000) refers (Special) to libinit2.o(.ARM.Collect$$libinit$$0000002C) for __rt_lib_init_argv_1
    libinit.o(.ARM.Collect$$libinit$$00000000) refers (Special) to libinit2.o(.ARM.Collect$$libinit$$0000001B) for __rt_lib_init_atexit_1
    libinit.o(.ARM.Collect$$libinit$$00000000) refers (Special) to libinit2.o(.ARM.Collect$$libinit$$00000021) for __rt_lib_init_clock_1
    libinit.o(.ARM.Collect$$libinit$$00000000) refers (Special) to libinit2.o(.ARM.Collect$$libinit$$00000032) for __rt_lib_init_cpp_1
    libinit.o(.ARM.Collect$$libinit$$00000000) refers (Special) to libinit2.o(.ARM.Collect$$libinit$$00000030) for __rt_lib_init_exceptions_1
    libinit.o(.ARM.Collect$$libinit$$00000000) refers (Special) to libinit2.o(.ARM.Collect$$libinit$$00000002) for __rt_lib_init_fp_1
    libinit.o(.ARM.Collect$$libinit$$00000000) refers (Special) to libinit2.o(.ARM.Collect$$libinit$$0000001F) for __rt_lib_init_fp_trap_1
    libinit.o(.ARM.Collect$$libinit$$00000000) refers (Special) to libinit2.o(.ARM.Collect$$libinit$$00000023) for __rt_lib_init_getenv_1
    libinit.o(.ARM.Collect$$libinit$$00000000) refers (Special) to libinit2.o(.ARM.Collect$$libinit$$0000000A) for __rt_lib_init_heap_1
    libinit.o(.ARM.Collect$$libinit$$00000000) refers (Special) to libinit2.o(.ARM.Collect$$libinit$$00000011) for __rt_lib_init_lc_collate_1
    libinit.o(.ARM.Collect$$libinit$$00000000) refers (Special) to libinit2.o(.ARM.Collect$$libinit$$00000013) for __rt_lib_init_lc_ctype_1
    libinit.o(.ARM.Collect$$libinit$$00000000) refers (Special) to libinit2.o(.ARM.Collect$$libinit$$00000015) for __rt_lib_init_lc_monetary_1
    libinit.o(.ARM.Collect$$libinit$$00000000) refers (Special) to libinit2.o(.ARM.Collect$$libinit$$00000017) for __rt_lib_init_lc_numeric_1
    libinit.o(.ARM.Collect$$libinit$$00000000) refers (Special) to libinit2.o(.ARM.Collect$$libinit$$00000019) for __rt_lib_init_lc_time_1
    libinit.o(.ARM.Collect$$libinit$$00000000) refers (Special) to libinit2.o(.ARM.Collect$$libinit$$00000004) for __rt_lib_init_preinit_1
    libinit.o(.ARM.Collect$$libinit$$00000000) refers (Special) to libinit2.o(.ARM.Collect$$libinit$$0000000E) for __rt_lib_init_rand_1
    libinit.o(.ARM.Collect$$libinit$$00000000) refers (Special) to libinit2.o(.ARM.Collect$$libinit$$00000033) for __rt_lib_init_return
    libinit.o(.ARM.Collect$$libinit$$00000000) refers (Special) to libinit2.o(.ARM.Collect$$libinit$$0000001D) for __rt_lib_init_signal_1
    libinit.o(.ARM.Collect$$libinit$$00000000) refers (Special) to libinit2.o(.ARM.Collect$$libinit$$00000025) for __rt_lib_init_stdio_1
    libinit.o(.ARM.Collect$$libinit$$00000000) refers (Special) to libinit2.o(.ARM.Collect$$libinit$$0000000C) for __rt_lib_init_user_alloc_1
    retnan.o(x$fpl$retnan) refers (Special) to usenofp.o(x$fpl$usenofp) for __I$use$fp
    retnan.o(x$fpl$retnan) refers to trapv.o(x$fpl$trapveneer) for __fpl_cmpreturn
    rtexit.o(.ARM.Collect$$rtexit$$00000000) refers (Special) to rtexit2.o(.ARM.Collect$$rtexit$$00000004) for __rt_exit_exit
    rtexit.o(.ARM.Collect$$rtexit$$00000000) refers (Special) to rtexit2.o(.ARM.Collect$$rtexit$$00000003) for __rt_exit_ls
    rtexit.o(.ARM.Collect$$rtexit$$00000000) refers (Special) to rtexit2.o(.ARM.Collect$$rtexit$$00000002) for __rt_exit_prels_1
    rtexit.o(.ARM.exidx) refers (Special) to rtexit2.o(.ARM.Collect$$rtexit$$00000004) for __rt_exit_exit
    rtexit.o(.ARM.exidx) refers (Special) to rtexit2.o(.ARM.Collect$$rtexit$$00000003) for __rt_exit_ls
    rtexit.o(.ARM.exidx) refers (Special) to rtexit2.o(.ARM.Collect$$rtexit$$00000002) for __rt_exit_prels_1
    rtexit.o(.ARM.exidx) refers to rtexit.o(.ARM.Collect$$rtexit$$00000000) for .ARM.Collect$$rtexit$$00000000
    rt_raise.o(.text) refers to __raise.o(.text) for __raise
    rt_raise.o(.text) refers to sys_exit.o(.text) for _sys_exit
    defsig_exit.o(.text) refers to sys_exit.o(.text) for _sys_exit
    defsig_fpe_inner.o(.text) refers to defsig_general.o(.text) for __default_signal_display
    libinit2.o(.ARM.Collect$$libinit$$00000010) refers to libinit2.o(.ARM.Collect$$libinit$$0000000F) for .ARM.Collect$$libinit$$0000000F
    libinit2.o(.ARM.Collect$$libinit$$00000012) refers to libinit2.o(.ARM.Collect$$libinit$$0000000F) for .ARM.Collect$$libinit$$0000000F
    libinit2.o(.ARM.Collect$$libinit$$00000014) refers to libinit2.o(.ARM.Collect$$libinit$$0000000F) for .ARM.Collect$$libinit$$0000000F
    libinit2.o(.ARM.Collect$$libinit$$00000016) refers to libinit2.o(.ARM.Collect$$libinit$$0000000F) for .ARM.Collect$$libinit$$0000000F
    libinit2.o(.ARM.Collect$$libinit$$00000018) refers to libinit2.o(.ARM.Collect$$libinit$$0000000F) for .ARM.Collect$$libinit$$0000000F
    libinit2.o(.ARM.Collect$$libinit$$00000026) refers to argv_veneer.o(.emb_text) for __ARM_argv_veneer
    libinit2.o(.ARM.Collect$$libinit$$00000027) refers to argv_veneer.o(.emb_text) for __ARM_argv_veneer
    trapv.o(x$fpl$trapveneer) refers (Special) to usenofp.o(x$fpl$usenofp) for __I$use$fp
    sys_exit.o(.text) refers (Special) to use_no_semi.o(.text) for __I$use$semihosting
    sys_exit.o(.text) refers (Special) to indicate_semi.o(.text) for __semihosting_library_function
    rtexit2.o(.ARM.Collect$$rtexit$$00000003) refers to libshutdown.o(.ARM.Collect$$libshutdown$$00000000) for __rt_lib_shutdown
    rtexit2.o(.ARM.Collect$$rtexit$$00000004) refers to sys_exit.o(.text) for _sys_exit
    rtexit2.o(.ARM.exidx) refers to rtexit2.o(.ARM.Collect$$rtexit$$00000001) for .ARM.Collect$$rtexit$$00000001
    rtexit2.o(.ARM.exidx) refers to rtexit2.o(.ARM.Collect$$rtexit$$00000003) for .ARM.Collect$$rtexit$$00000003
    rtexit2.o(.ARM.exidx) refers to rtexit2.o(.ARM.Collect$$rtexit$$00000004) for .ARM.Collect$$rtexit$$00000004
    __raise.o(.text) refers to defsig.o(CL$$defsig) for __default_signal_handler
    defsig_general.o(.text) refers to sys_wrch.o(.text) for _ttywrch
    argv_veneer.o(.emb_text) refers to no_argv.o(.text) for __ARM_get_argv
    sys_wrch.o(.text) refers (Special) to use_no_semi.o(.text) for __I$use$semihosting
    sys_wrch.o(.text) refers (Special) to indicate_semi.o(.text) for __semihosting_library_function
    defsig.o(CL$$defsig) refers to defsig_fpe_inner.o(.text) for __rt_SIGFPE_inner
    defsig.o(CL$$defsig) refers to defsig_rtmem_inner.o(.text) for __rt_SIGRTMEM_inner
    _get_argv_nomalloc.o(.text) refers (Special) to hrguard.o(.text) for __heap_region$guard
    _get_argv_nomalloc.o(.text) refers to defsig_rtmem_outer.o(.text) for __rt_SIGRTMEM
    _get_argv_nomalloc.o(.text) refers to sys_command.o(.text) for _sys_command_string
    libshutdown.o(.ARM.Collect$$libshutdown$$00000000) refers (Special) to libshutdown2.o(.ARM.Collect$$libshutdown$$00000002) for __rt_lib_shutdown_cpp_1
    libshutdown.o(.ARM.Collect$$libshutdown$$00000000) refers (Special) to libshutdown2.o(.ARM.Collect$$libshutdown$$00000007) for __rt_lib_shutdown_fp_trap_1
    libshutdown.o(.ARM.Collect$$libshutdown$$00000000) refers (Special) to libshutdown2.o(.ARM.Collect$$libshutdown$$0000000F) for __rt_lib_shutdown_heap_1
    libshutdown.o(.ARM.Collect$$libshutdown$$00000000) refers (Special) to libshutdown2.o(.ARM.Collect$$libshutdown$$00000010) for __rt_lib_shutdown_return
    libshutdown.o(.ARM.Collect$$libshutdown$$00000000) refers (Special) to libshutdown2.o(.ARM.Collect$$libshutdown$$0000000A) for __rt_lib_shutdown_signal_1
    libshutdown.o(.ARM.Collect$$libshutdown$$00000000) refers (Special) to libshutdown2.o(.ARM.Collect$$libshutdown$$00000004) for __rt_lib_shutdown_stdio_1
    libshutdown.o(.ARM.Collect$$libshutdown$$00000000) refers (Special) to libshutdown2.o(.ARM.Collect$$libshutdown$$0000000C) for __rt_lib_shutdown_user_alloc_1
    sys_command.o(.text) refers (Special) to use_no_semi.o(.text) for __I$use$semihosting
    sys_command.o(.text) refers (Special) to indicate_semi.o(.text) for __semihosting_library_function
    defsig_abrt_inner.o(.text) refers to defsig_general.o(.text) for __default_signal_display
    defsig_rtred_inner.o(.text) refers to defsig_general.o(.text) for __default_signal_display
    defsig_rtmem_inner.o(.text) refers to defsig_general.o(.text) for __default_signal_display
    defsig_rtmem_outer.o(.text) refers to defsig_rtmem_inner.o(.text) for __rt_SIGRTMEM_inner
    defsig_rtmem_outer.o(.text) refers to defsig_exit.o(.text) for __sig_exit
    defsig_rtmem_formal.o(.text) refers to rt_raise.o(.text) for __rt_raise
    defsig_stak_inner.o(.text) refers to defsig_general.o(.text) for __default_signal_display
    defsig_pvfn_inner.o(.text) refers to defsig_general.o(.text) for __default_signal_display
    defsig_cppl_inner.o(.text) refers to defsig_general.o(.text) for __default_signal_display
    defsig_segv_inner.o(.text) refers to defsig_general.o(.text) for __default_signal_display
    defsig_other.o(.text) refers to defsig_general.o(.text) for __default_signal_display


==============================================================================

Removing Unused input sections from the image.

    Removing main.o(i.inside_rect), (104 bytes).
    Removing asciilib.o(i.GetASCIICode), (44 bytes).
    Removing asciilib.o(.constdata), (3040 bytes).
    Removing lcd_ili9325.o(.rev16_text), (4 bytes).
    Removing lcd_ili9325.o(.revsh_text), (4 bytes).
    Removing lcd_ili9325.o(.rrx_text), (6 bytes).
    Removing lcdlib.o(.rev16_text), (4 bytes).
    Removing lcdlib.o(.revsh_text), (4 bytes).
    Removing lcdlib.o(.rrx_text), (6 bytes).
    Removing lcdlib.o(i.__NVIC_DisableIRQ), (60 bytes).
    Removing lcdlib.o(i._get_colour), (20 bytes).
    Removing lcdlib.o(i.clear_screen), (12 bytes).
    Removing lcdlib.o(i.clear_screen_with), (56 bytes).
    Removing lcdlib.o(i.disable_interrupt_on_touch), (28 bytes).
    Removing lcdlib.o(i.draw_char), (158 bytes).
    Removing lcdlib.o(i.draw_circle), (132 bytes).
    Removing lcdlib.o(i.draw_point), (34 bytes).
    Removing lcdlib.o(i.draw_polygon), (122 bytes).
    Removing lcdlib.o(i.draw_quadrangle), (56 bytes).
    Removing lcdlib.o(i.draw_rectangle), (64 bytes).
    Removing lcdlib.o(i.draw_string), (170 bytes).
    Removing lcdlib.o(i.draw_triangle), (136 bytes).
    Removing lcdlib.o(i.get_colour), (164 bytes).
    Removing lcdlib.o(i.get_position), (168 bytes).
    Removing lcdlib.o(i.get_position_with_precision), (76 bytes).
    Removing lcdlib.o(i.inside_rect), (104 bytes).
    Removing lcdlib.o(i.is_touchpanel_pressed), (12 bytes).
    Removing lcdlib.o(i.point_in_circle), (46 bytes).
    Removing lcdlib.o(i.point_in_triangle), (128 bytes).
    Removing lcdlib.o(i.sign), (36 bytes).
    Removing open1768_lcd.o(.rev16_text), (4 bytes).
    Removing open1768_lcd.o(.revsh_text), (4 bytes).
    Removing open1768_lcd.o(.rrx_text), (6 bytes).
    Removing open1768_lcd.o(i.lcdRead), (76 bytes).
    Removing open1768_lcd.o(i.lcdReadData), (56 bytes).
    Removing open1768_lcd.o(i.lcdReadReg), (20 bytes).
    Removing open1768_lcd.o(i.lcdSetCursor), (24 bytes).
    Removing piano.o(i.create_piano_key), (54 bytes).
    Removing piano.o(i.decrease_volume), (52 bytes).
    Removing piano.o(i.draw_decrease_volume_button), (80 bytes).
    Removing piano.o(i.draw_erase_recorded_button), (104 bytes).
    Removing piano.o(i.draw_increase_volume_button), (80 bytes).
    Removing piano.o(i.draw_piano), (152 bytes).
    Removing piano.o(i.draw_play_stop_button), (156 bytes).
    Removing piano.o(i.draw_record_stop_recording_button), (144 bytes).
    Removing piano.o(i.get_note_from_point), (156 bytes).
    Removing piano.o(i.increase_volume), (52 bytes).
    Removing piano.o(i.inside_rect), (104 bytes).
    Removing piano.o(i.is_key_playing), (22 bytes).
    Removing piano.o(i.piano_action), (316 bytes).
    Removing piano.o(i.piano_init), (448 bytes).
    Removing piano.o(i.stop_key_playing), (28 bytes).
    Removing piano.o(.bss), (348 bytes).
    Removing piano.o(.constdata), (136 bytes).
    Removing piano.o(.data), (4 bytes).
    Removing player_recorder.o(.rev16_text), (4 bytes).
    Removing player_recorder.o(.revsh_text), (4 bytes).
    Removing player_recorder.o(.rrx_text), (6 bytes).
    Removing player_recorder.o(i.append_to_eeprom), (2 bytes).
    Removing player_recorder.o(i.end_record), (48 bytes).
    Removing player_recorder.o(i.end_recording), (20 bytes).
    Removing player_recorder.o(i.erase_saved), (2 bytes).
    Removing player_recorder.o(i.inside_rect), (104 bytes).
    Removing player_recorder.o(i.is_player_playing), (12 bytes).
    Removing player_recorder.o(i.play_from_memory), (12 bytes).
    Removing player_recorder.o(i.player_recorder_init), (76 bytes).
    Removing player_recorder.o(i.start_record), (40 bytes).
    Removing player_recorder.o(.bss), (12 bytes).
    Removing soundlib.o(.rev16_text), (4 bytes).
    Removing soundlib.o(.revsh_text), (4 bytes).
    Removing soundlib.o(.rrx_text), (6 bytes).
    Removing soundlib.o(i.inside_rect), (104 bytes).
    Removing soundlib.o(i.is_playing), (12 bytes).
    Removing soundlib.o(i.note_to_frequency), (60 bytes).
    Removing soundlib.o(i.set_volume_f), (32 bytes).
    Removing soundlib.o(i.start_note), (18 bytes).
    Removing timelib.o(.rev16_text), (4 bytes).
    Removing timelib.o(.revsh_text), (4 bytes).
    Removing timelib.o(.rrx_text), (6 bytes).
    Removing timelib.o(i.seconds), (20 bytes).
    Removing timelib.o(i.sleep_for_seconds), (26 bytes).
    Removing tp_open1768.o(.rev16_text), (4 bytes).
    Removing tp_open1768.o(.revsh_text), (4 bytes).
    Removing tp_open1768.o(.rrx_text), (6 bytes).
    Removing tp_open1768.o(i.touchpanelDelayUS), (42 bytes).
    Removing tp_open1768.o(i.touchpanelGetXY), (34 bytes).
    Removing tp_open1768.o(i.touchpanelReadAddress), (44 bytes).
    Removing tp_open1768.o(i.touchpanelReadX), (48 bytes).
    Removing tp_open1768.o(i.touchpanelReadY), (48 bytes).
    Removing tp_open1768.o(i.touchpanelWriteCmd), (60 bytes).
    Removing buttons_open1768.o(.rev16_text), (4 bytes).
    Removing buttons_open1768.o(.revsh_text), (4 bytes).
    Removing buttons_open1768.o(.rrx_text), (6 bytes).
    Removing buttons_open1768.o(i.Buttons_GetCount), (4 bytes).
    Removing buttons_open1768.o(i.Buttons_GetState), (48 bytes).
    Removing buttons_open1768.o(i.Buttons_Initialize), (72 bytes).
    Removing buttons_open1768.o(i.Buttons_Uninitialize), (48 bytes).
    Removing buttons_open1768.o(.constdata), (4 bytes).
    Removing gpdma_lpc17xx.o(.rev16_text), (4 bytes).
    Removing gpdma_lpc17xx.o(.revsh_text), (4 bytes).
    Removing gpdma_lpc17xx.o(.rrx_text), (6 bytes).
    Removing gpdma_lpc17xx.o(i.GPDMA_ChannelConfigure), (244 bytes).
    Removing gpdma_lpc17xx.o(i.GPDMA_ChannelDisable), (48 bytes).
    Removing gpdma_lpc17xx.o(i.GPDMA_ChannelEnable), (60 bytes).
    Removing gpdma_lpc17xx.o(i.GPDMA_ChannelGetCount), (48 bytes).
    Removing gpdma_lpc17xx.o(i.GPDMA_ChannelGetStatus), (36 bytes).
    Removing gpdma_lpc17xx.o(i.GPDMA_Initialize), (168 bytes).
    Removing gpdma_lpc17xx.o(i.GPDMA_PeripheralSelect), (68 bytes).
    Removing gpdma_lpc17xx.o(i.GPDMA_Uninitialize), (128 bytes).
    Removing gpdma_lpc17xx.o(i.Set_Channel_active_flag), (56 bytes).
    Removing gpdma_lpc17xx.o(i.__NVIC_ClearPendingIRQ), (28 bytes).
    Removing gpio_lpc17xx.o(.rev16_text), (4 bytes).
    Removing gpio_lpc17xx.o(.revsh_text), (4 bytes).
    Removing gpio_lpc17xx.o(.rrx_text), (6 bytes).
    Removing gpio_lpc17xx.o(i.GPIO_PinRead), (32 bytes).
    Removing gpio_lpc17xx.o(i.GPIO_PinWrite), (40 bytes).
    Removing gpio_lpc17xx.o(i.GPIO_PortClock), (44 bytes).
    Removing gpio_lpc17xx.o(i.GPIO_PortRead), (20 bytes).
    Removing gpio_lpc17xx.o(i.GPIO_PortWrite), (32 bytes).
    Removing gpio_lpc17xx.o(i.GPIO_SetDir), (56 bytes).
    Removing pin_lpc17xx.o(.rev16_text), (4 bytes).
    Removing pin_lpc17xx.o(.revsh_text), (4 bytes).
    Removing pin_lpc17xx.o(.rrx_text), (6 bytes).
    Removing pin_lpc17xx.o(i.PIN_Configure), (252 bytes).
    Removing pin_lpc17xx.o(i.PIN_ConfigureI2C0Pins), (32 bytes).
    Removing pin_lpc17xx.o(i.PIN_ConfigureTPIU), (40 bytes).
    Removing system_lpc17xx.o(.rev16_text), (4 bytes).
    Removing system_lpc17xx.o(.revsh_text), (4 bytes).
    Removing system_lpc17xx.o(.rrx_text), (6 bytes).

129 unused section(s) (total 10234 bytes) removed from the image.

==============================================================================

Image Symbol Table

    Local Symbols

    Symbol Name                              Value     Ov Type        Size  Object(Section)

    RESET                                    0x00000000   Section      204  startup_lpc17xx.o(RESET)
    ../clib/angel/boardlib.s                 0x00000000   Number         0  boardinit1.o ABSOLUTE
    ../clib/angel/boardlib.s                 0x00000000   Number         0  boardshut.o ABSOLUTE
    ../clib/angel/boardlib.s                 0x00000000   Number         0  boardinit3.o ABSOLUTE
    ../clib/angel/boardlib.s                 0x00000000   Number         0  boardinit2.o ABSOLUTE
    ../clib/angel/handlers.s                 0x00000000   Number         0  __scatter_zi.o ABSOLUTE
    ../clib/angel/handlers.s                 0x00000000   Number         0  __scatter_copy.o ABSOLUTE
    ../clib/angel/kernel.s                   0x00000000   Number         0  __rtentry4.o ABSOLUTE
    ../clib/angel/kernel.s                   0x00000000   Number         0  __rtentry2.o ABSOLUTE
    ../clib/angel/kernel.s                   0x00000000   Number         0  __rtentry.o ABSOLUTE
    ../clib/angel/kernel.s                   0x00000000   Number         0  rtexit.o ABSOLUTE
    ../clib/angel/kernel.s                   0x00000000   Number         0  rtexit2.o ABSOLUTE
    ../clib/angel/rt.s                       0x00000000   Number         0  aeabi_ldiv0.o ABSOLUTE
    ../clib/angel/rt.s                       0x00000000   Number         0  aeabi_ldiv0_sigfpe.o ABSOLUTE
    ../clib/angel/rt.s                       0x00000000   Number         0  rt_div0.o ABSOLUTE
    ../clib/angel/rt.s                       0x00000000   Number         0  rt_errno_addr.o ABSOLUTE
    ../clib/angel/rt.s                       0x00000000   Number         0  rt_errno_addr_intlibspace.o ABSOLUTE
    ../clib/angel/rt.s                       0x00000000   Number         0  rt_raise.o ABSOLUTE
    ../clib/angel/scatter.s                  0x00000000   Number         0  __scatter.o ABSOLUTE
    ../clib/angel/startup.s                  0x00000000   Number         0  __main.o ABSOLUTE
    ../clib/angel/sys.s                      0x00000000   Number         0  use_no_semi.o ABSOLUTE
    ../clib/angel/sys.s                      0x00000000   Number         0  indicate_semi.o ABSOLUTE
    ../clib/angel/sys.s                      0x00000000   Number         0  libspace.o ABSOLUTE
    ../clib/angel/sys.s                      0x00000000   Number         0  sys_stackheap_outer.o ABSOLUTE
    ../clib/angel/sysapp.c                   0x00000000   Number         0  sys_wrch.o ABSOLUTE
    ../clib/angel/sysapp.c                   0x00000000   Number         0  sys_exit.o ABSOLUTE
    ../clib/angel/sysapp.c                   0x00000000   Number         0  sys_command.o ABSOLUTE
    ../clib/armsys.c                         0x00000000   Number         0  no_argv.o ABSOLUTE
    ../clib/armsys.c                         0x00000000   Number         0  _get_argv_nomalloc.o ABSOLUTE
    ../clib/armsys.c                         0x00000000   Number         0  argv_veneer.o ABSOLUTE
    ../clib/armsys.c                         0x00000000   Number         0  argv_veneer.o ABSOLUTE
    ../clib/fenv.c                           0x00000000   Number         0  _rserrno.o ABSOLUTE
    ../clib/heapalloc.c                      0x00000000   Number         0  hrguard.o ABSOLUTE
    ../clib/heapaux.c                        0x00000000   Number         0  heapauxi.o ABSOLUTE
    ../clib/libinit.s                        0x00000000   Number         0  libshutdown.o ABSOLUTE
    ../clib/libinit.s                        0x00000000   Number         0  libshutdown2.o ABSOLUTE
    ../clib/libinit.s                        0x00000000   Number         0  libinit2.o ABSOLUTE
    ../clib/libinit.s                        0x00000000   Number         0  libinit.o ABSOLUTE
    ../clib/longlong.s                       0x00000000   Number         0  lludivv7m.o ABSOLUTE
    ../clib/memcpset.s                       0x00000000   Number         0  rt_memcpy_v6.o ABSOLUTE
    ../clib/memcpset.s                       0x00000000   Number         0  rt_memcpy_w.o ABSOLUTE
    ../clib/signal.c                         0x00000000   Number         0  defsig_pvfn_inner.o ABSOLUTE
    ../clib/signal.c                         0x00000000   Number         0  defsig_cppl_inner.o ABSOLUTE
    ../clib/signal.c                         0x00000000   Number         0  defsig_abrt_inner.o ABSOLUTE
    ../clib/signal.c                         0x00000000   Number         0  defsig_other.o ABSOLUTE
    ../clib/signal.c                         0x00000000   Number         0  defsig_fpe_inner.o ABSOLUTE
    ../clib/signal.c                         0x00000000   Number         0  defsig_fpe_formal.o ABSOLUTE
    ../clib/signal.c                         0x00000000   Number         0  defsig_fpe_outer.o ABSOLUTE
    ../clib/signal.c                         0x00000000   Number         0  defsig_general.o ABSOLUTE
    ../clib/signal.c                         0x00000000   Number         0  __raise.o ABSOLUTE
    ../clib/signal.c                         0x00000000   Number         0  defsig_rtred_inner.o ABSOLUTE
    ../clib/signal.c                         0x00000000   Number         0  defsig_rtmem_inner.o ABSOLUTE
    ../clib/signal.c                         0x00000000   Number         0  defsig_rtmem_outer.o ABSOLUTE
    ../clib/signal.c                         0x00000000   Number         0  defsig_rtmem_formal.o ABSOLUTE
    ../clib/signal.c                         0x00000000   Number         0  defsig_segv_inner.o ABSOLUTE
    ../clib/signal.c                         0x00000000   Number         0  defsig_exit.o ABSOLUTE
    ../clib/signal.c                         0x00000000   Number         0  defsig_stak_inner.o ABSOLUTE
    ../clib/signal.s                         0x00000000   Number         0  defsig.o ABSOLUTE
    ../clib/stdlib.c                         0x00000000   Number         0  exit.o ABSOLUTE
    ../fplib/d2f.s                           0x00000000   Number         0  d2f.o ABSOLUTE
    ../fplib/ddiv.s                          0x00000000   Number         0  ddiv.o ABSOLUTE
    ../fplib/dflt.s                          0x00000000   Number         0  dflt_clz.o ABSOLUTE
    ../fplib/dmul.s                          0x00000000   Number         0  dmul.o ABSOLUTE
    ../fplib/dnaninf.s                       0x00000000   Number         0  dnaninf.o ABSOLUTE
    ../fplib/dretinf.s                       0x00000000   Number         0  dretinf.o ABSOLUTE
    ../fplib/faddsub.s                       0x00000000   Number         0  faddsub_clz.o ABSOLUTE
    ../fplib/fcheck1.s                       0x00000000   Number         0  fcheck1.o ABSOLUTE
    ../fplib/fdiv.s                          0x00000000   Number         0  fdiv.o ABSOLUTE
    ../fplib/ffix.s                          0x00000000   Number         0  ffix.o ABSOLUTE
    ../fplib/ffixu.s                         0x00000000   Number         0  ffixu.o ABSOLUTE
    ../fplib/fflt.s                          0x00000000   Number         0  fflt_clz.o ABSOLUTE
    ../fplib/fmul.s                          0x00000000   Number         0  fmul.o ABSOLUTE
    ../fplib/fnaninf.s                       0x00000000   Number         0  fnaninf.o ABSOLUTE
    ../fplib/fpinit.s                        0x00000000   Number         0  fpinit.o ABSOLUTE
    ../fplib/fretinf.s                       0x00000000   Number         0  fretinf.o ABSOLUTE
    ../fplib/istatus.s                       0x00000000   Number         0  istatus.o ABSOLUTE
    ../fplib/retnan.s                        0x00000000   Number         0  retnan.o ABSOLUTE
    ../fplib/scalbnf.s                       0x00000000   Number         0  scalbnf.o ABSOLUTE
    ../fplib/trapv.s                         0x00000000   Number         0  trapv.o ABSOLUTE
    ../fplib/usenofp.s                       0x00000000   Number         0  usenofp.o ABSOLUTE
    ../mathlib/fpclassifyf.c                 0x00000000   Number         0  fpclassifyf.o ABSOLUTE
    ../mathlib/funder.c                      0x00000000   Number         0  funder.o ABSOLUTE
    ../mathlib/powf.c                        0x00000000   Number         0  powf.o ABSOLUTE
    ../mathlib/powf.c                        0x00000000   Number         0  powf_x.o ABSOLUTE
    C:\Keil_v5\ARM\PACK\Keil\LPC1700_DFP\2.6.1\Boards\Waveshare\Open1768\Common\Buttons_Open1768.c 0x00000000   Number         0  buttons_open1768.o ABSOLUTE
    C:\Keil_v5\ARM\PACK\Keil\LPC1700_DFP\2.6.1\RTE_Driver\GPDMA_LPC17xx.c 0x00000000   Number         0  gpdma_lpc17xx.o ABSOLUTE
    C:\Keil_v5\ARM\PACK\Keil\LPC1700_DFP\2.6.1\RTE_Driver\GPIO_LPC17xx.c 0x00000000   Number         0  gpio_lpc17xx.o ABSOLUTE
    C:\Keil_v5\ARM\PACK\Keil\LPC1700_DFP\2.6.1\RTE_Driver\PIN_LPC17xx.c 0x00000000   Number         0  pin_lpc17xx.o ABSOLUTE
    C:\\Keil_v5\\ARM\\PACK\\Keil\\LPC1700_DFP\\2.6.1\\Boards\\Waveshare\\Open1768\\Common\\Buttons_Open1768.c 0x00000000   Number         0  buttons_open1768.o ABSOLUTE
    C:\\Keil_v5\\ARM\\PACK\\Keil\\LPC1700_DFP\\2.6.1\\RTE_Driver\\GPDMA_LPC17xx.c 0x00000000   Number         0  gpdma_lpc17xx.o ABSOLUTE
    C:\\Keil_v5\\ARM\\PACK\\Keil\\LPC1700_DFP\\2.6.1\\RTE_Driver\\GPIO_LPC17xx.c 0x00000000   Number         0  gpio_lpc17xx.o ABSOLUTE
    C:\\Keil_v5\\ARM\\PACK\\Keil\\LPC1700_DFP\\2.6.1\\RTE_Driver\\PIN_LPC17xx.c 0x00000000   Number         0  pin_lpc17xx.o ABSOLUTE
    RTE\Device\LPC1768\startup_LPC17xx.s     0x00000000   Number         0  startup_lpc17xx.o ABSOLUTE
    RTE\Device\LPC1768\system_LPC17xx.c      0x00000000   Number         0  system_lpc17xx.o ABSOLUTE
    RTE\\Device\\LPC1768\\system_LPC17xx.c   0x00000000   Number         0  system_lpc17xx.o ABSOLUTE
    dc.s                                     0x00000000   Number         0  dc.o ABSOLUTE
    main.c                                   0x00000000   Number         0  main.o ABSOLUTE
    sources\LCD_ILI9325.c                    0x00000000   Number         0  lcd_ili9325.o ABSOLUTE
    sources\Open1768_LCD.c                   0x00000000   Number         0  open1768_lcd.o ABSOLUTE
    sources\TP_Open1768.c                    0x00000000   Number         0  tp_open1768.o ABSOLUTE
    sources\\LCD_ILI9325.c                   0x00000000   Number         0  lcd_ili9325.o ABSOLUTE
    sources\\Open1768_LCD.c                  0x00000000   Number         0  open1768_lcd.o ABSOLUTE
    sources\\TP_Open1768.c                   0x00000000   Number         0  tp_open1768.o ABSOLUTE
    sources\\lcdlib.c                        0x00000000   Number         0  lcdlib.o ABSOLUTE
    sources\\player_recorder.c               0x00000000   Number         0  player_recorder.o ABSOLUTE
    sources\\soundlib.c                      0x00000000   Number         0  soundlib.o ABSOLUTE
    sources\\timelib.c                       0x00000000   Number         0  timelib.o ABSOLUTE
    sources\asciiLib.c                       0x00000000   Number         0  asciilib.o ABSOLUTE
    sources\button.c                         0x00000000   Number         0  button.o ABSOLUTE
    sources\lcdlib.c                         0x00000000   Number         0  lcdlib.o ABSOLUTE
    sources\piano.c                          0x00000000   Number         0  piano.o ABSOLUTE
    sources\player_recorder.c                0x00000000   Number         0  player_recorder.o ABSOLUTE
    sources\soundlib.c                       0x00000000   Number         0  soundlib.o ABSOLUTE
    sources\timelib.c                        0x00000000   Number         0  timelib.o ABSOLUTE
    !!!main                                  0x000000cc   Section        8  __main.o(!!!main)
    !!!scatter                               0x000000d4   Section       52  __scatter.o(!!!scatter)
    !!handler_copy                           0x00000108   Section       26  __scatter_copy.o(!!handler_copy)
    !!handler_zi                             0x00000124   Section       28  __scatter_zi.o(!!handler_zi)
    .ARM.Collect$$libinit$$00000000          0x00000140   Section        2  libinit.o(.ARM.Collect$$libinit$$00000000)
    .ARM.Collect$$libinit$$00000002          0x00000142   Section        0  libinit2.o(.ARM.Collect$$libinit$$00000002)
    .ARM.Collect$$libinit$$00000004          0x00000142   Section        0  libinit2.o(.ARM.Collect$$libinit$$00000004)
    .ARM.Collect$$libinit$$0000000A          0x00000142   Section        0  libinit2.o(.ARM.Collect$$libinit$$0000000A)
    .ARM.Collect$$libinit$$0000000C          0x00000142   Section        0  libinit2.o(.ARM.Collect$$libinit$$0000000C)
    .ARM.Collect$$libinit$$0000000E          0x00000142   Section        0  libinit2.o(.ARM.Collect$$libinit$$0000000E)
    .ARM.Collect$$libinit$$00000011          0x00000142   Section        0  libinit2.o(.ARM.Collect$$libinit$$00000011)
    .ARM.Collect$$libinit$$00000013          0x00000142   Section        0  libinit2.o(.ARM.Collect$$libinit$$00000013)
    .ARM.Collect$$libinit$$00000015          0x00000142   Section        0  libinit2.o(.ARM.Collect$$libinit$$00000015)
    .ARM.Collect$$libinit$$00000017          0x00000142   Section        0  libinit2.o(.ARM.Collect$$libinit$$00000017)
    .ARM.Collect$$libinit$$00000019          0x00000142   Section        0  libinit2.o(.ARM.Collect$$libinit$$00000019)
    .ARM.Collect$$libinit$$0000001B          0x00000142   Section        0  libinit2.o(.ARM.Collect$$libinit$$0000001B)
    .ARM.Collect$$libinit$$0000001D          0x00000142   Section        0  libinit2.o(.ARM.Collect$$libinit$$0000001D)
    .ARM.Collect$$libinit$$0000001F          0x00000142   Section        0  libinit2.o(.ARM.Collect$$libinit$$0000001F)
    .ARM.Collect$$libinit$$00000021          0x00000142   Section        0  libinit2.o(.ARM.Collect$$libinit$$00000021)
    .ARM.Collect$$libinit$$00000023          0x00000142   Section        0  libinit2.o(.ARM.Collect$$libinit$$00000023)
    .ARM.Collect$$libinit$$00000025          0x00000142   Section        0  libinit2.o(.ARM.Collect$$libinit$$00000025)
    .ARM.Collect$$libinit$$0000002C          0x00000142   Section        0  libinit2.o(.ARM.Collect$$libinit$$0000002C)
    .ARM.Collect$$libinit$$0000002E          0x00000142   Section        0  libinit2.o(.ARM.Collect$$libinit$$0000002E)
    .ARM.Collect$$libinit$$00000030          0x00000142   Section        0  libinit2.o(.ARM.Collect$$libinit$$00000030)
    .ARM.Collect$$libinit$$00000032          0x00000142   Section        0  libinit2.o(.ARM.Collect$$libinit$$00000032)
    .ARM.Collect$$libinit$$00000033          0x00000142   Section        2  libinit2.o(.ARM.Collect$$libinit$$00000033)
    .ARM.Collect$$libshutdown$$00000000      0x00000144   Section        2  libshutdown.o(.ARM.Collect$$libshutdown$$00000000)
    .ARM.Collect$$libshutdown$$00000002      0x00000146   Section        0  libshutdown2.o(.ARM.Collect$$libshutdown$$00000002)
    .ARM.Collect$$libshutdown$$00000004      0x00000146   Section        0  libshutdown2.o(.ARM.Collect$$libshutdown$$00000004)
    .ARM.Collect$$libshutdown$$00000007      0x00000146   Section        0  libshutdown2.o(.ARM.Collect$$libshutdown$$00000007)
    .ARM.Collect$$libshutdown$$0000000A      0x00000146   Section        0  libshutdown2.o(.ARM.Collect$$libshutdown$$0000000A)
    .ARM.Collect$$libshutdown$$0000000C      0x00000146   Section        0  libshutdown2.o(.ARM.Collect$$libshutdown$$0000000C)
    .ARM.Collect$$libshutdown$$0000000F      0x00000146   Section        0  libshutdown2.o(.ARM.Collect$$libshutdown$$0000000F)
    .ARM.Collect$$libshutdown$$00000010      0x00000146   Section        2  libshutdown2.o(.ARM.Collect$$libshutdown$$00000010)
    .ARM.Collect$$rtentry$$00000000          0x00000148   Section        0  __rtentry.o(.ARM.Collect$$rtentry$$00000000)
    .ARM.Collect$$rtentry$$00000002          0x00000148   Section        0  __rtentry2.o(.ARM.Collect$$rtentry$$00000002)
    .ARM.Collect$$rtentry$$00000004          0x00000148   Section        6  __rtentry4.o(.ARM.Collect$$rtentry$$00000004)
    .ARM.Collect$$rtentry$$00000009          0x0000014e   Section        0  __rtentry2.o(.ARM.Collect$$rtentry$$00000009)
    .ARM.Collect$$rtentry$$0000000A          0x0000014e   Section        4  __rtentry2.o(.ARM.Collect$$rtentry$$0000000A)
    .ARM.Collect$$rtentry$$0000000C          0x00000152   Section        0  __rtentry2.o(.ARM.Collect$$rtentry$$0000000C)
    .ARM.Collect$$rtentry$$0000000D          0x00000152   Section        8  __rtentry2.o(.ARM.Collect$$rtentry$$0000000D)
    .ARM.Collect$$rtexit$$00000000           0x0000015a   Section        2  rtexit.o(.ARM.Collect$$rtexit$$00000000)
    .ARM.Collect$$rtexit$$00000002           0x0000015c   Section        0  rtexit2.o(.ARM.Collect$$rtexit$$00000002)
    .ARM.Collect$$rtexit$$00000003           0x0000015c   Section        4  rtexit2.o(.ARM.Collect$$rtexit$$00000003)
    .ARM.Collect$$rtexit$$00000004           0x00000160   Section        6  rtexit2.o(.ARM.Collect$$rtexit$$00000004)
    .text                                    0x00000168   Section       60  startup_lpc17xx.o(.text)
    .text                                    0x000001a4   Section      238  lludivv7m.o(.text)
    .text                                    0x00000292   Section        0  heapauxi.o(.text)
    .text                                    0x00000298   Section        8  libspace.o(.text)
    .text                                    0x000002a0   Section       74  sys_stackheap_outer.o(.text)
    .text                                    0x000002ea   Section        0  exit.o(.text)
    .ARM.__at_0x02FC                         0x000002fc   Section        4  startup_lpc17xx.o(.ARM.__at_0x02FC)
    .text                                    0x00000300   Section        0  sys_exit.o(.text)
    .text                                    0x0000030c   Section        2  use_no_semi.o(.text)
    .text                                    0x0000030e   Section        0  indicate_semi.o(.text)
    i.Clear_Channel_active_flag              0x00000310   Section        0  gpdma_lpc17xx.o(i.Clear_Channel_active_flag)
    Clear_Channel_active_flag                0x00000311   Thumb Code    28  gpdma_lpc17xx.o(i.Clear_Channel_active_flag)
    i.DMA_IRQHandler                         0x00000330   Section        0  gpdma_lpc17xx.o(i.DMA_IRQHandler)
    i.EINT3_IRQHandler                       0x000004b0   Section        0  lcdlib.o(i.EINT3_IRQHandler)
    i.SysTick_Handler                        0x000004fc   Section        0  timelib.o(i.SysTick_Handler)
    i.SystemCoreClockUpdate                  0x0000050c   Section        0  system_lpc17xx.o(i.SystemCoreClockUpdate)
    i.SystemInit                             0x000006b4   Section        0  system_lpc17xx.o(i.SystemInit)
    i.TIMER1_IRQHandler                      0x000007f4   Section        0  soundlib.o(i.TIMER1_IRQHandler)
    i.TIMER2_IRQHandler                      0x00000844   Section        0  player_recorder.o(i.TIMER2_IRQHandler)
    i.__NVIC_ClearPendingIRQ                 0x00000858   Section        0  lcdlib.o(i.__NVIC_ClearPendingIRQ)
    __NVIC_ClearPendingIRQ                   0x00000859   Thumb Code    22  lcdlib.o(i.__NVIC_ClearPendingIRQ)
    i.__NVIC_EnableIRQ                       0x00000874   Section        0  lcdlib.o(i.__NVIC_EnableIRQ)
    __NVIC_EnableIRQ                         0x00000875   Thumb Code    26  lcdlib.o(i.__NVIC_EnableIRQ)
    i.configure_timer_for_playing_sound      0x00000890   Section        0  soundlib.o(i.configure_timer_for_playing_sound)
    configure_timer_for_playing_sound        0x00000891   Thumb Code    50  soundlib.o(i.configure_timer_for_playing_sound)
    i.dac_init                               0x000008d0   Section        0  soundlib.o(i.dac_init)
    i.delay_ms                               0x00000928   Section        0  lcd_ili9325.o(i.delay_ms)
    i.has_next_sound                         0x00000946   Section        0  player_recorder.o(i.has_next_sound)
    i.init_ILI9325                           0x0000094a   Section        0  lcd_ili9325.o(i.init_ILI9325)
    i.interrupt_handler                      0x00000b20   Section        0  main.o(i.interrupt_handler)
    i.lcdConfiguration                       0x00000b2c   Section        0  open1768_lcd.o(i.lcdConfiguration)
    i.lcdSend                                0x00000b54   Section        0  open1768_lcd.o(i.lcdSend)
    i.lcdWriteData                           0x00000b80   Section        0  open1768_lcd.o(i.lcdWriteData)
    i.lcdWriteIndex                          0x00000bb8   Section        0  open1768_lcd.o(i.lcdWriteIndex)
    i.lcdWriteReg                            0x00000bf8   Section        0  open1768_lcd.o(i.lcdWriteReg)
    i.lcd_init                               0x00000c0c   Section        0  lcdlib.o(i.lcd_init)
    i.main                                   0x00000c30   Section        0  main.o(i.main)
    i.main_loop                              0x00000c44   Section        0  main.o(i.main_loop)
    i.main_setup                             0x00000c5c   Section        0  main.o(i.main_setup)
    i.millis                                 0x00000c90   Section        0  timelib.o(i.millis)
    i.read_next_from_eeprom                  0x00000c9c   Section        0  player_recorder.o(i.read_next_from_eeprom)
    read_next_from_eeprom                    0x00000c9d   Thumb Code    20  player_recorder.o(i.read_next_from_eeprom)
    i.read_next_sound                        0x00000cb4   Section        0  player_recorder.o(i.read_next_sound)
    i.reset_eeprom_position                  0x00000cc0   Section        0  player_recorder.o(i.reset_eeprom_position)
    reset_eeprom_position                    0x00000cc1   Thumb Code     2  player_recorder.o(i.reset_eeprom_position)
    i.reset_next_sound_to_start              0x00000cc2   Section        0  player_recorder.o(i.reset_next_sound_to_start)
    i.set_interrupt_on_touch                 0x00000ccc   Section        0  lcdlib.o(i.set_interrupt_on_touch)
    i.set_volume                             0x00000d10   Section        0  soundlib.o(i.set_volume)
    i.sleep_for_millis                       0x00000d38   Section        0  timelib.o(i.sleep_for_millis)
    i.start_next_sound                       0x00000d54   Section        0  player_recorder.o(i.start_next_sound)
    start_next_sound                         0x00000d55   Thumb Code    82  player_recorder.o(i.start_next_sound)
    i.start_sound                            0x00000db4   Section        0  soundlib.o(i.start_sound)
    i.stop_counter                           0x00000dd0   Section        0  soundlib.o(i.stop_counter)
    stop_counter                             0x00000dd1   Thumb Code     8  soundlib.o(i.stop_counter)
    i.stop_playing_from_memory               0x00000ddc   Section        0  player_recorder.o(i.stop_playing_from_memory)
    i.stop_sound                             0x00000df8   Section        0  soundlib.o(i.stop_sound)
    i.timer_init                             0x00000e0c   Section        0  timelib.o(i.timer_init)
    i.touchpanelDriverDataBusInit            0x00000e78   Section        0  tp_open1768.o(i.touchpanelDriverDataBusInit)
    touchpanelDriverDataBusInit              0x00000e79   Thumb Code   140  tp_open1768.o(i.touchpanelDriverDataBusInit)
    i.touchpanelInit                         0x00000f10   Section        0  tp_open1768.o(i.touchpanelInit)
    i.wait_delay                             0x00000f38   Section        0  open1768_lcd.o(i.wait_delay)
    .constdata                               0x00000f4c   Section        8  player_recorder.o(.constdata)
    STACK                                    0x10000000   Section      512  startup_lpc17xx.o(STACK)
    Stack_Mem                                0x10000000   Data         512  startup_lpc17xx.o(STACK)
    __initial_sp                             0x10000200   Data           0  startup_lpc17xx.o(STACK)
    .data                                    0x2007c000   Section        1  main.o(.data)
    .data                                    0x2007c004   Section        8  lcdlib.o(.data)
    interrupts_on_touch_enabled              0x2007c004   Data           1  lcdlib.o(.data)
    is_holding                               0x2007c005   Data           1  lcdlib.o(.data)
    handler                                  0x2007c008   Data           4  lcdlib.o(.data)
    .data                                    0x2007c00c   Section        1  player_recorder.o(.data)
    is_player_playing_val                    0x2007c00c   Data           1  player_recorder.o(.data)
    .data                                    0x2007c010   Section        8  soundlib.o(.data)
    .data                                    0x2007c018   Section        4  timelib.o(.data)
    counter                                  0x2007c018   Data           4  timelib.o(.data)
    .data                                    0x2007c01c   Section        8  gpdma_lpc17xx.o(.data)
    Channel_active                           0x2007c01c   Data           4  gpdma_lpc17xx.o(.data)
    Init_cnt                                 0x2007c020   Data           4  gpdma_lpc17xx.o(.data)
    .data                                    0x2007c024   Section        4  system_lpc17xx.o(.data)
    .bss                                     0x2007c028   Section      160  gpdma_lpc17xx.o(.bss)
    Channel_info                             0x2007c028   Data         160  gpdma_lpc17xx.o(.bss)
    .bss                                     0x2007c0c8   Section       96  libspace.o(.bss)
    HEAP                                     0x2007c128   Section        0  startup_lpc17xx.o(HEAP)
    Heap_Mem                                 0x2007c128   Data           0  startup_lpc17xx.o(HEAP)

    Global Symbols

    Symbol Name                              Value     Ov Type        Size  Object(Section)

    BuildAttributes$$THM_ISAv4$P$D$K$B$S$PE$A:L22UL41UL21$X:L11$S22US41US21$IEEE1$IW$USESV6$~STKCKD$USESV7$~SHL$OTIME$ROPI$IEEEX$EBA8$UX$STANDARDLIB$REQ8$PRES8$EABIv2 0x00000000   Number         0  anon$$obj.o ABSOLUTE
    __ARM_use_no_argv                        0x00000000   Number         0  main.o ABSOLUTE
    __Vectors                                0x00000000   Data           4  startup_lpc17xx.o(RESET)
    __ARM_exceptions_init                     - Undefined Weak Reference
    __alloca_initialize                       - Undefined Weak Reference
    __arm_preinit_                            - Undefined Weak Reference
    __cpp_initialize__aeabi_                  - Undefined Weak Reference
    __cxa_finalize                            - Undefined Weak Reference
    __rt_locale                               - Undefined Weak Reference
    __sigvec_lookup                           - Undefined Weak Reference
    _atexit_init                              - Undefined Weak Reference
    _call_atexit_fns                          - Undefined Weak Reference
    _clock_init                               - Undefined Weak Reference
    _fp_trap_init                             - Undefined Weak Reference
    _fp_trap_shutdown                         - Undefined Weak Reference
    _get_lc_collate                           - Undefined Weak Reference
    _get_lc_ctype                             - Undefined Weak Reference
    _get_lc_monetary                          - Undefined Weak Reference
    _get_lc_numeric                           - Undefined Weak Reference
    _get_lc_time                              - Undefined Weak Reference
    _getenv_init                              - Undefined Weak Reference
    _handle_redirection                       - Undefined Weak Reference
    _init_alloc                               - Undefined Weak Reference
    _init_user_alloc                          - Undefined Weak Reference
    _initio                                   - Undefined Weak Reference
    _rand_init                                - Undefined Weak Reference
    _signal_finish                            - Undefined Weak Reference
    _signal_init                              - Undefined Weak Reference
    _terminate_alloc                          - Undefined Weak Reference
    _terminate_user_alloc                     - Undefined Weak Reference
    _terminateio                              - Undefined Weak Reference
    __main                                   0x000000cd   Thumb Code     8  __main.o(!!!main)
    __scatterload                            0x000000d5   Thumb Code     0  __scatter.o(!!!scatter)
    __scatterload_rt2                        0x000000d5   Thumb Code    44  __scatter.o(!!!scatter)
    __scatterload_rt2_thumb_only             0x000000d5   Thumb Code     0  __scatter.o(!!!scatter)
    __scatterload_null                       0x000000e3   Thumb Code     0  __scatter.o(!!!scatter)
    __scatterload_copy                       0x00000109   Thumb Code    26  __scatter_copy.o(!!handler_copy)
    __scatterload_zeroinit                   0x00000125   Thumb Code    28  __scatter_zi.o(!!handler_zi)
    __rt_lib_init                            0x00000141   Thumb Code     0  libinit.o(.ARM.Collect$$libinit$$00000000)
    __rt_lib_init_alloca_1                   0x00000143   Thumb Code     0  libinit2.o(.ARM.Collect$$libinit$$0000002E)
    __rt_lib_init_argv_1                     0x00000143   Thumb Code     0  libinit2.o(.ARM.Collect$$libinit$$0000002C)
    __rt_lib_init_atexit_1                   0x00000143   Thumb Code     0  libinit2.o(.ARM.Collect$$libinit$$0000001B)
    __rt_lib_init_clock_1                    0x00000143   Thumb Code     0  libinit2.o(.ARM.Collect$$libinit$$00000021)
    __rt_lib_init_cpp_1                      0x00000143   Thumb Code     0  libinit2.o(.ARM.Collect$$libinit$$00000032)
    __rt_lib_init_exceptions_1               0x00000143   Thumb Code     0  libinit2.o(.ARM.Collect$$libinit$$00000030)
    __rt_lib_init_fp_1                       0x00000143   Thumb Code     0  libinit2.o(.ARM.Collect$$libinit$$00000002)
    __rt_lib_init_fp_trap_1                  0x00000143   Thumb Code     0  libinit2.o(.ARM.Collect$$libinit$$0000001F)
    __rt_lib_init_getenv_1                   0x00000143   Thumb Code     0  libinit2.o(.ARM.Collect$$libinit$$00000023)
    __rt_lib_init_heap_1                     0x00000143   Thumb Code     0  libinit2.o(.ARM.Collect$$libinit$$0000000A)
    __rt_lib_init_lc_collate_1               0x00000143   Thumb Code     0  libinit2.o(.ARM.Collect$$libinit$$00000011)
    __rt_lib_init_lc_ctype_1                 0x00000143   Thumb Code     0  libinit2.o(.ARM.Collect$$libinit$$00000013)
    __rt_lib_init_lc_monetary_1              0x00000143   Thumb Code     0  libinit2.o(.ARM.Collect$$libinit$$00000015)
    __rt_lib_init_lc_numeric_1               0x00000143   Thumb Code     0  libinit2.o(.ARM.Collect$$libinit$$00000017)
    __rt_lib_init_lc_time_1                  0x00000143   Thumb Code     0  libinit2.o(.ARM.Collect$$libinit$$00000019)
    __rt_lib_init_preinit_1                  0x00000143   Thumb Code     0  libinit2.o(.ARM.Collect$$libinit$$00000004)
    __rt_lib_init_rand_1                     0x00000143   Thumb Code     0  libinit2.o(.ARM.Collect$$libinit$$0000000E)
    __rt_lib_init_return                     0x00000143   Thumb Code     0  libinit2.o(.ARM.Collect$$libinit$$00000033)
    __rt_lib_init_signal_1                   0x00000143   Thumb Code     0  libinit2.o(.ARM.Collect$$libinit$$0000001D)
    __rt_lib_init_stdio_1                    0x00000143   Thumb Code     0  libinit2.o(.ARM.Collect$$libinit$$00000025)
    __rt_lib_init_user_alloc_1               0x00000143   Thumb Code     0  libinit2.o(.ARM.Collect$$libinit$$0000000C)
    __rt_lib_shutdown                        0x00000145   Thumb Code     0  libshutdown.o(.ARM.Collect$$libshutdown$$00000000)
    __rt_lib_shutdown_cpp_1                  0x00000147   Thumb Code     0  libshutdown2.o(.ARM.Collect$$libshutdown$$00000002)
    __rt_lib_shutdown_fp_trap_1              0x00000147   Thumb Code     0  libshutdown2.o(.ARM.Collect$$libshutdown$$00000007)
    __rt_lib_shutdown_heap_1                 0x00000147   Thumb Code     0  libshutdown2.o(.ARM.Collect$$libshutdown$$0000000F)
    __rt_lib_shutdown_return                 0x00000147   Thumb Code     0  libshutdown2.o(.ARM.Collect$$libshutdown$$00000010)
    __rt_lib_shutdown_signal_1               0x00000147   Thumb Code     0  libshutdown2.o(.ARM.Collect$$libshutdown$$0000000A)
    __rt_lib_shutdown_stdio_1                0x00000147   Thumb Code     0  libshutdown2.o(.ARM.Collect$$libshutdown$$00000004)
    __rt_lib_shutdown_user_alloc_1           0x00000147   Thumb Code     0  libshutdown2.o(.ARM.Collect$$libshutdown$$0000000C)
    __rt_entry                               0x00000149   Thumb Code     0  __rtentry.o(.ARM.Collect$$rtentry$$00000000)
    __rt_entry_presh_1                       0x00000149   Thumb Code     0  __rtentry2.o(.ARM.Collect$$rtentry$$00000002)
    __rt_entry_sh                            0x00000149   Thumb Code     0  __rtentry4.o(.ARM.Collect$$rtentry$$00000004)
    __rt_entry_li                            0x0000014f   Thumb Code     0  __rtentry2.o(.ARM.Collect$$rtentry$$0000000A)
    __rt_entry_postsh_1                      0x0000014f   Thumb Code     0  __rtentry2.o(.ARM.Collect$$rtentry$$00000009)
    __rt_entry_main                          0x00000153   Thumb Code     0  __rtentry2.o(.ARM.Collect$$rtentry$$0000000D)
    __rt_entry_postli_1                      0x00000153   Thumb Code     0  __rtentry2.o(.ARM.Collect$$rtentry$$0000000C)
    __rt_exit                                0x0000015b   Thumb Code     0  rtexit.o(.ARM.Collect$$rtexit$$00000000)
    __rt_exit_ls                             0x0000015d   Thumb Code     0  rtexit2.o(.ARM.Collect$$rtexit$$00000003)
    __rt_exit_prels_1                        0x0000015d   Thumb Code     0  rtexit2.o(.ARM.Collect$$rtexit$$00000002)
    __rt_exit_exit                           0x00000161   Thumb Code     0  rtexit2.o(.ARM.Collect$$rtexit$$00000004)
    Reset_Handler                            0x00000169   Thumb Code     8  startup_lpc17xx.o(.text)
    NMI_Handler                              0x00000171   Thumb Code     2  startup_lpc17xx.o(.text)
    HardFault_Handler                        0x00000173   Thumb Code     2  startup_lpc17xx.o(.text)
    MemManage_Handler                        0x00000175   Thumb Code     2  startup_lpc17xx.o(.text)
    BusFault_Handler                         0x00000177   Thumb Code     2  startup_lpc17xx.o(.text)
    UsageFault_Handler                       0x00000179   Thumb Code     2  startup_lpc17xx.o(.text)
    SVC_Handler                              0x0000017b   Thumb Code     2  startup_lpc17xx.o(.text)
    DebugMon_Handler                         0x0000017d   Thumb Code     2  startup_lpc17xx.o(.text)
    PendSV_Handler                           0x0000017f   Thumb Code     2  startup_lpc17xx.o(.text)
    ADC_IRQHandler                           0x00000183   Thumb Code     0  startup_lpc17xx.o(.text)
    BOD_IRQHandler                           0x00000183   Thumb Code     0  startup_lpc17xx.o(.text)
    CANActivity_IRQHandler                   0x00000183   Thumb Code     0  startup_lpc17xx.o(.text)
    CAN_IRQHandler                           0x00000183   Thumb Code     0  startup_lpc17xx.o(.text)
    EINT0_IRQHandler                         0x00000183   Thumb Code     0  startup_lpc17xx.o(.text)
    EINT1_IRQHandler                         0x00000183   Thumb Code     0  startup_lpc17xx.o(.text)
    EINT2_IRQHandler                         0x00000183   Thumb Code     0  startup_lpc17xx.o(.text)
    ENET_IRQHandler                          0x00000183   Thumb Code     0  startup_lpc17xx.o(.text)
    I2C0_IRQHandler                          0x00000183   Thumb Code     0  startup_lpc17xx.o(.text)
    I2C1_IRQHandler                          0x00000183   Thumb Code     0  startup_lpc17xx.o(.text)
    I2C2_IRQHandler                          0x00000183   Thumb Code     0  startup_lpc17xx.o(.text)
    I2S_IRQHandler                           0x00000183   Thumb Code     0  startup_lpc17xx.o(.text)
    MCPWM_IRQHandler                         0x00000183   Thumb Code     0  startup_lpc17xx.o(.text)
    PLL0_IRQHandler                          0x00000183   Thumb Code     0  startup_lpc17xx.o(.text)
    PLL1_IRQHandler                          0x00000183   Thumb Code     0  startup_lpc17xx.o(.text)
    PWM1_IRQHandler                          0x00000183   Thumb Code     0  startup_lpc17xx.o(.text)
    QEI_IRQHandler                           0x00000183   Thumb Code     0  startup_lpc17xx.o(.text)
    RIT_IRQHandler                           0x00000183   Thumb Code     0  startup_lpc17xx.o(.text)
    RTC_IRQHandler                           0x00000183   Thumb Code     0  startup_lpc17xx.o(.text)
    SPI_IRQHandler                           0x00000183   Thumb Code     0  startup_lpc17xx.o(.text)
    SSP0_IRQHandler                          0x00000183   Thumb Code     0  startup_lpc17xx.o(.text)
    SSP1_IRQHandler                          0x00000183   Thumb Code     0  startup_lpc17xx.o(.text)
    TIMER0_IRQHandler                        0x00000183   Thumb Code     0  startup_lpc17xx.o(.text)
    TIMER3_IRQHandler                        0x00000183   Thumb Code     0  startup_lpc17xx.o(.text)
    UART0_IRQHandler                         0x00000183   Thumb Code     0  startup_lpc17xx.o(.text)
    UART1_IRQHandler                         0x00000183   Thumb Code     0  startup_lpc17xx.o(.text)
    UART2_IRQHandler                         0x00000183   Thumb Code     0  startup_lpc17xx.o(.text)
    UART3_IRQHandler                         0x00000183   Thumb Code     0  startup_lpc17xx.o(.text)
    USBActivity_IRQHandler                   0x00000183   Thumb Code     0  startup_lpc17xx.o(.text)
    USB_IRQHandler                           0x00000183   Thumb Code     0  startup_lpc17xx.o(.text)
    WDT_IRQHandler                           0x00000183   Thumb Code     0  startup_lpc17xx.o(.text)
    __user_initial_stackheap                 0x00000185   Thumb Code     0  startup_lpc17xx.o(.text)
    __aeabi_uldivmod                         0x000001a5   Thumb Code     0  lludivv7m.o(.text)
    _ll_udiv                                 0x000001a5   Thumb Code   238  lludivv7m.o(.text)
    __use_two_region_memory                  0x00000293   Thumb Code     2  heapauxi.o(.text)
    __rt_heap_escrow$2region                 0x00000295   Thumb Code     2  heapauxi.o(.text)
    __rt_heap_expand$2region                 0x00000297   Thumb Code     2  heapauxi.o(.text)
    __user_libspace                          0x00000299   Thumb Code     8  libspace.o(.text)
    __user_perproc_libspace                  0x00000299   Thumb Code     0  libspace.o(.text)
    __user_perthread_libspace                0x00000299   Thumb Code     0  libspace.o(.text)
    __user_setup_stackheap                   0x000002a1   Thumb Code    74  sys_stackheap_outer.o(.text)
    exit                                     0x000002eb   Thumb Code    18  exit.o(.text)
    _sys_exit                                0x00000301   Thumb Code     8  sys_exit.o(.text)
    __I$use$semihosting                      0x0000030d   Thumb Code     0  use_no_semi.o(.text)
    __use_no_semihosting_swi                 0x0000030d   Thumb Code     2  use_no_semi.o(.text)
    __semihosting_library_function           0x0000030f   Thumb Code     0  indicate_semi.o(.text)
    DMA_IRQHandler                           0x00000331   Thumb Code   372  gpdma_lpc17xx.o(i.DMA_IRQHandler)
    EINT3_IRQHandler                         0x000004b1   Thumb Code    62  lcdlib.o(i.EINT3_IRQHandler)
    SysTick_Handler                          0x000004fd   Thumb Code    12  timelib.o(i.SysTick_Handler)
    SystemCoreClockUpdate                    0x0000050d   Thumb Code   408  system_lpc17xx.o(i.SystemCoreClockUpdate)
    SystemInit                               0x000006b5   Thumb Code   302  system_lpc17xx.o(i.SystemInit)
    TIMER1_IRQHandler                        0x000007f5   Thumb Code    68  soundlib.o(i.TIMER1_IRQHandler)
    TIMER2_IRQHandler                        0x00000845   Thumb Code    14  player_recorder.o(i.TIMER2_IRQHandler)
    dac_init                                 0x000008d1   Thumb Code    70  soundlib.o(i.dac_init)
    delay_ms                                 0x00000929   Thumb Code    30  lcd_ili9325.o(i.delay_ms)
    has_next_sound                           0x00000947   Thumb Code     4  player_recorder.o(i.has_next_sound)
    init_ILI9325                             0x0000094b   Thumb Code   468  lcd_ili9325.o(i.init_ILI9325)
    interrupt_handler                        0x00000b21   Thumb Code     8  main.o(i.interrupt_handler)
    lcdConfiguration                         0x00000b2d   Thumb Code    36  open1768_lcd.o(i.lcdConfiguration)
    lcdSend                                  0x00000b55   Thumb Code    40  open1768_lcd.o(i.lcdSend)
    lcdWriteData                             0x00000b81   Thumb Code    50  open1768_lcd.o(i.lcdWriteData)
    lcdWriteIndex                            0x00000bb9   Thumb Code    60  open1768_lcd.o(i.lcdWriteIndex)
    lcdWriteReg                              0x00000bf9   Thumb Code    20  open1768_lcd.o(i.lcdWriteReg)
    lcd_init                                 0x00000c0d   Thumb Code    26  lcdlib.o(i.lcd_init)
    main                                     0x00000c31   Thumb Code    18  main.o(i.main)
    main_loop                                0x00000c45   Thumb Code    20  main.o(i.main_loop)
    main_setup                               0x00000c5d   Thumb Code    42  main.o(i.main_setup)
    millis                                   0x00000c91   Thumb Code     6  timelib.o(i.millis)
    read_next_sound                          0x00000cb5   Thumb Code    12  player_recorder.o(i.read_next_sound)
    reset_next_sound_to_start                0x00000cc3   Thumb Code     8  player_recorder.o(i.reset_next_sound_to_start)
    set_interrupt_on_touch                   0x00000ccd   Thumb Code    50  lcdlib.o(i.set_interrupt_on_touch)
    set_volume                               0x00000d11   Thumb Code    34  soundlib.o(i.set_volume)
    sleep_for_millis                         0x00000d39   Thumb Code    26  timelib.o(i.sleep_for_millis)
    start_sound                              0x00000db5   Thumb Code    22  soundlib.o(i.start_sound)
    stop_playing_from_memory                 0x00000ddd   Thumb Code    18  player_recorder.o(i.stop_playing_from_memory)
    stop_sound                               0x00000df9   Thumb Code    14  soundlib.o(i.stop_sound)
    timer_init                               0x00000e0d   Thumb Code    92  timelib.o(i.timer_init)
    touchpanelInit                           0x00000f11   Thumb Code    34  tp_open1768.o(i.touchpanelInit)
    wait_delay                               0x00000f39   Thumb Code    18  open1768_lcd.o(i.wait_delay)
    Region$$Table$$Base                      0x00000f54   Number         0  anon$$obj.o(Region$$Table)
    Region$$Table$$Limit                     0x00000f84   Number         0  anon$$obj.o(Region$$Table)
    action_on_touchscreen                    0x2007c000   Data           1  main.o(.data)
    dac_state                                0x2007c010   Data           8  soundlib.o(.data)
    SystemCoreClock                          0x2007c024   Data           4  system_lpc17xx.o(.data)
    __libspace_start                         0x2007c0c8   Data          96  libspace.o(.bss)
    __temporary_stack_top$libspace           0x2007c128   Data           0  libspace.o(.bss)



==============================================================================

Memory Map of the image

  Image Entry point : 0x000000cd

  Load Region LR_IROM1 (Base: 0x00000000, Size: 0x00000fac, Max: 0x00080000, ABSOLUTE)

    Execution Region ER_IROM1 (Exec base: 0x00000000, Load base: 0x00000000, Size: 0x00000f84, Max: 0x00080000, ABSOLUTE)

    Exec Addr    Load Addr    Size         Type   Attr      Idx    E Section Name        Object

    0x00000000   0x00000000   0x000000cc   Data   RO         1110    RESET               startup_lpc17xx.o
    0x000000cc   0x000000cc   0x00000008   Code   RO         1164  * !!!main             c_w.l(__main.o)
    0x000000d4   0x000000d4   0x00000034   Code   RO         1423    !!!scatter          c_w.l(__scatter.o)
    0x00000108   0x00000108   0x0000001a   Code   RO         1425    !!handler_copy      c_w.l(__scatter_copy.o)
    0x00000122   0x00000122   0x00000002   PAD
    0x00000124   0x00000124   0x0000001c   Code   RO         1427    !!handler_zi        c_w.l(__scatter_zi.o)
    0x00000140   0x00000140   0x00000002   Code   RO         1292    .ARM.Collect$$libinit$$00000000  c_w.l(libinit.o)
    0x00000142   0x00000142   0x00000000   Code   RO         1304    .ARM.Collect$$libinit$$00000002  c_w.l(libinit2.o)
    0x00000142   0x00000142   0x00000000   Code   RO         1306    .ARM.Collect$$libinit$$00000004  c_w.l(libinit2.o)
    0x00000142   0x00000142   0x00000000   Code   RO         1309    .ARM.Collect$$libinit$$0000000A  c_w.l(libinit2.o)
    0x00000142   0x00000142   0x00000000   Code   RO         1311    .ARM.Collect$$libinit$$0000000C  c_w.l(libinit2.o)
    0x00000142   0x00000142   0x00000000   Code   RO         1313    .ARM.Collect$$libinit$$0000000E  c_w.l(libinit2.o)
    0x00000142   0x00000142   0x00000000   Code   RO         1316    .ARM.Collect$$libinit$$00000011  c_w.l(libinit2.o)
    0x00000142   0x00000142   0x00000000   Code   RO         1318    .ARM.Collect$$libinit$$00000013  c_w.l(libinit2.o)
    0x00000142   0x00000142   0x00000000   Code   RO         1320    .ARM.Collect$$libinit$$00000015  c_w.l(libinit2.o)
    0x00000142   0x00000142   0x00000000   Code   RO         1322    .ARM.Collect$$libinit$$00000017  c_w.l(libinit2.o)
    0x00000142   0x00000142   0x00000000   Code   RO         1324    .ARM.Collect$$libinit$$00000019  c_w.l(libinit2.o)
    0x00000142   0x00000142   0x00000000   Code   RO         1326    .ARM.Collect$$libinit$$0000001B  c_w.l(libinit2.o)
    0x00000142   0x00000142   0x00000000   Code   RO         1328    .ARM.Collect$$libinit$$0000001D  c_w.l(libinit2.o)
    0x00000142   0x00000142   0x00000000   Code   RO         1330    .ARM.Collect$$libinit$$0000001F  c_w.l(libinit2.o)
    0x00000142   0x00000142   0x00000000   Code   RO         1332    .ARM.Collect$$libinit$$00000021  c_w.l(libinit2.o)
    0x00000142   0x00000142   0x00000000   Code   RO         1334    .ARM.Collect$$libinit$$00000023  c_w.l(libinit2.o)
    0x00000142   0x00000142   0x00000000   Code   RO         1336    .ARM.Collect$$libinit$$00000025  c_w.l(libinit2.o)
    0x00000142   0x00000142   0x00000000   Code   RO         1340    .ARM.Collect$$libinit$$0000002C  c_w.l(libinit2.o)
    0x00000142   0x00000142   0x00000000   Code   RO         1342    .ARM.Collect$$libinit$$0000002E  c_w.l(libinit2.o)
    0x00000142   0x00000142   0x00000000   Code   RO         1344    .ARM.Collect$$libinit$$00000030  c_w.l(libinit2.o)
    0x00000142   0x00000142   0x00000000   Code   RO         1346    .ARM.Collect$$libinit$$00000032  c_w.l(libinit2.o)
    0x00000142   0x00000142   0x00000002   Code   RO         1347    .ARM.Collect$$libinit$$00000033  c_w.l(libinit2.o)
    0x00000144   0x00000144   0x00000002   Code   RO         1380    .ARM.Collect$$libshutdown$$00000000  c_w.l(libshutdown.o)
    0x00000146   0x00000146   0x00000000   Code   RO         1406    .ARM.Collect$$libshutdown$$00000002  c_w.l(libshutdown2.o)
    0x00000146   0x00000146   0x00000000   Code   RO         1408    .ARM.Collect$$libshutdown$$00000004  c_w.l(libshutdown2.o)
    0x00000146   0x00000146   0x00000000   Code   RO         1411    .ARM.Collect$$libshutdown$$00000007  c_w.l(libshutdown2.o)
    0x00000146   0x00000146   0x00000000   Code   RO         1414    .ARM.Collect$$libshutdown$$0000000A  c_w.l(libshutdown2.o)
    0x00000146   0x00000146   0x00000000   Code   RO         1416    .ARM.Collect$$libshutdown$$0000000C  c_w.l(libshutdown2.o)
    0x00000146   0x00000146   0x00000000   Code   RO         1419    .ARM.Collect$$libshutdown$$0000000F  c_w.l(libshutdown2.o)
    0x00000146   0x00000146   0x00000002   Code   RO         1420    .ARM.Collect$$libshutdown$$00000010  c_w.l(libshutdown2.o)
    0x00000148   0x00000148   0x00000000   Code   RO         1210    .ARM.Collect$$rtentry$$00000000  c_w.l(__rtentry.o)
    0x00000148   0x00000148   0x00000000   Code   RO         1253    .ARM.Collect$$rtentry$$00000002  c_w.l(__rtentry2.o)
    0x00000148   0x00000148   0x00000006   Code   RO         1265    .ARM.Collect$$rtentry$$00000004  c_w.l(__rtentry4.o)
    0x0000014e   0x0000014e   0x00000000   Code   RO         1255    .ARM.Collect$$rtentry$$00000009  c_w.l(__rtentry2.o)
    0x0000014e   0x0000014e   0x00000004   Code   RO         1256    .ARM.Collect$$rtentry$$0000000A  c_w.l(__rtentry2.o)
    0x00000152   0x00000152   0x00000000   Code   RO         1258    .ARM.Collect$$rtentry$$0000000C  c_w.l(__rtentry2.o)
    0x00000152   0x00000152   0x00000008   Code   RO         1259    .ARM.Collect$$rtentry$$0000000D  c_w.l(__rtentry2.o)
    0x0000015a   0x0000015a   0x00000002   Code   RO         1295    .ARM.Collect$$rtexit$$00000000  c_w.l(rtexit.o)
    0x0000015c   0x0000015c   0x00000000   Code   RO         1353    .ARM.Collect$$rtexit$$00000002  c_w.l(rtexit2.o)
    0x0000015c   0x0000015c   0x00000004   Code   RO         1354    .ARM.Collect$$rtexit$$00000003  c_w.l(rtexit2.o)
    0x00000160   0x00000160   0x00000006   Code   RO         1355    .ARM.Collect$$rtexit$$00000004  c_w.l(rtexit2.o)
    0x00000166   0x00000166   0x00000002   PAD
    0x00000168   0x00000168   0x0000003c   Code   RO         1112    .text               startup_lpc17xx.o
    0x000001a4   0x000001a4   0x000000ee   Code   RO         1156    .text               c_w.l(lludivv7m.o)
    0x00000292   0x00000292   0x00000006   Code   RO         1162    .text               c_w.l(heapauxi.o)
    0x00000298   0x00000298   0x00000008   Code   RO         1276    .text               c_w.l(libspace.o)
    0x000002a0   0x000002a0   0x0000004a   Code   RO         1279    .text               c_w.l(sys_stackheap_outer.o)
    0x000002ea   0x000002ea   0x00000012   Code   RO         1281    .text               c_w.l(exit.o)
    0x000002fc   0x000002fc   0x00000004   Code   RO         1111    .ARM.__at_0x02FC    startup_lpc17xx.o
    0x00000300   0x00000300   0x0000000c   Code   RO         1350    .text               c_w.l(sys_exit.o)
    0x0000030c   0x0000030c   0x00000002   Code   RO         1369    .text               c_w.l(use_no_semi.o)
    0x0000030e   0x0000030e   0x00000000   Code   RO         1371    .text               c_w.l(indicate_semi.o)
    0x0000030e   0x0000030e   0x00000002   PAD
    0x00000310   0x00000310   0x00000020   Code   RO          924    i.Clear_Channel_active_flag  gpdma_lpc17xx.o
    0x00000330   0x00000330   0x00000180   Code   RO          925    i.DMA_IRQHandler    gpdma_lpc17xx.o
    0x000004b0   0x000004b0   0x0000004c   Code   RO          150    i.EINT3_IRQHandler  lcdlib.o
    0x000004fc   0x000004fc   0x00000010   Code   RO          732    i.SysTick_Handler   timelib.o
    0x0000050c   0x0000050c   0x000001a8   Code   RO         1121    i.SystemCoreClockUpdate  system_lpc17xx.o
    0x000006b4   0x000006b4   0x00000140   Code   RO         1122    i.SystemInit        system_lpc17xx.o
    0x000007f4   0x000007f4   0x00000050   Code   RO          638    i.TIMER1_IRQHandler  soundlib.o
    0x00000844   0x00000844   0x00000014   Code   RO          511    i.TIMER2_IRQHandler  player_recorder.o
    0x00000858   0x00000858   0x0000001c   Code   RO          151    i.__NVIC_ClearPendingIRQ  lcdlib.o
    0x00000874   0x00000874   0x0000001a   Code   RO          153    i.__NVIC_EnableIRQ  lcdlib.o
    0x0000088e   0x0000088e   0x00000002   PAD
    0x00000890   0x00000890   0x00000040   Code   RO          639    i.configure_timer_for_playing_sound  soundlib.o
    0x000008d0   0x000008d0   0x00000058   Code   RO          640    i.dac_init          soundlib.o
    0x00000928   0x00000928   0x0000001e   Code   RO           90    i.delay_ms          lcd_ili9325.o
    0x00000946   0x00000946   0x00000004   Code   RO          516    i.has_next_sound    player_recorder.o
    0x0000094a   0x0000094a   0x000001d4   Code   RO           91    i.init_ILI9325      lcd_ili9325.o
    0x00000b1e   0x00000b1e   0x00000002   PAD
    0x00000b20   0x00000b20   0x0000000c   Code   RO            2    i.interrupt_handler  main.o
    0x00000b2c   0x00000b2c   0x00000028   Code   RO          334    i.lcdConfiguration  open1768_lcd.o
    0x00000b54   0x00000b54   0x0000002c   Code   RO          338    i.lcdSend           open1768_lcd.o
    0x00000b80   0x00000b80   0x00000038   Code   RO          340    i.lcdWriteData      open1768_lcd.o
    0x00000bb8   0x00000bb8   0x00000040   Code   RO          341    i.lcdWriteIndex     open1768_lcd.o
    0x00000bf8   0x00000bf8   0x00000014   Code   RO          342    i.lcdWriteReg       open1768_lcd.o
    0x00000c0c   0x00000c0c   0x00000024   Code   RO          171    i.lcd_init          lcdlib.o
    0x00000c30   0x00000c30   0x00000012   Code   RO            3    i.main              main.o
    0x00000c42   0x00000c42   0x00000002   PAD
    0x00000c44   0x00000c44   0x00000018   Code   RO            4    i.main_loop         main.o
    0x00000c5c   0x00000c5c   0x00000034   Code   RO            5    i.main_setup        main.o
    0x00000c90   0x00000c90   0x0000000c   Code   RO          733    i.millis            timelib.o
    0x00000c9c   0x00000c9c   0x00000018   Code   RO          521    i.read_next_from_eeprom  player_recorder.o
    0x00000cb4   0x00000cb4   0x0000000c   Code   RO          522    i.read_next_sound   player_recorder.o
    0x00000cc0   0x00000cc0   0x00000002   Code   RO          523    i.reset_eeprom_position  player_recorder.o
    0x00000cc2   0x00000cc2   0x00000008   Code   RO          524    i.reset_next_sound_to_start  player_recorder.o
    0x00000cca   0x00000cca   0x00000002   PAD
    0x00000ccc   0x00000ccc   0x00000044   Code   RO          174    i.set_interrupt_on_touch  lcdlib.o
    0x00000d10   0x00000d10   0x00000028   Code   RO          644    i.set_volume        soundlib.o
    0x00000d38   0x00000d38   0x0000001a   Code   RO          735    i.sleep_for_millis  timelib.o
    0x00000d52   0x00000d52   0x00000002   PAD
    0x00000d54   0x00000d54   0x00000060   Code   RO          525    i.start_next_sound  player_recorder.o
    0x00000db4   0x00000db4   0x0000001c   Code   RO          647    i.start_sound       soundlib.o
    0x00000dd0   0x00000dd0   0x0000000c   Code   RO          648    i.stop_counter      soundlib.o
    0x00000ddc   0x00000ddc   0x0000001c   Code   RO          527    i.stop_playing_from_memory  player_recorder.o
    0x00000df8   0x00000df8   0x00000014   Code   RO          649    i.stop_sound        soundlib.o
    0x00000e0c   0x00000e0c   0x0000006c   Code   RO          737    i.timer_init        timelib.o
    0x00000e78   0x00000e78   0x00000098   Code   RO          793    i.touchpanelDriverDataBusInit  tp_open1768.o
    0x00000f10   0x00000f10   0x00000028   Code   RO          795    i.touchpanelInit    tp_open1768.o
    0x00000f38   0x00000f38   0x00000012   Code   RO          400    i.wait_delay        open1768_lcd.o
    0x00000f4a   0x00000f4a   0x00000002   PAD
    0x00000f4c   0x00000f4c   0x00000008   Data   RO          529    .constdata          player_recorder.o
    0x00000f54   0x00000f54   0x00000030   Data   RO         1421    Region$$Table       anon$$obj.o


    Execution Region RW_IRAM1 (Exec base: 0x10000000, Load base: 0x00000f84, Size: 0x00000200, Max: 0x00008000, ABSOLUTE)

    Exec Addr    Load Addr    Size         Type   Attr      Idx    E Section Name        Object

    0x10000000        -       0x00000200   Zero   RW         1108    STACK               startup_lpc17xx.o


    Execution Region RW_IRAM2 (Exec base: 0x2007c000, Load base: 0x00000f84, Size: 0x00000128, Max: 0x00008000, ABSOLUTE)

    Exec Addr    Load Addr    Size         Type   Attr      Idx    E Section Name        Object

    0x2007c000   0x00000f84   0x00000001   Data   RW            6    .data               main.o
    0x2007c001   0x00000f85   0x00000003   PAD
    0x2007c004   0x00000f88   0x00000008   Data   RW          176    .data               lcdlib.o
    0x2007c00c   0x00000f90   0x00000001   Data   RW          530    .data               player_recorder.o
    0x2007c00d   0x00000f91   0x00000003   PAD
    0x2007c010   0x00000f94   0x00000008   Data   RW          650    .data               soundlib.o
    0x2007c018   0x00000f9c   0x00000004   Data   RW          738    .data               timelib.o
    0x2007c01c   0x00000fa0   0x00000008   Data   RW          937    .data               gpdma_lpc17xx.o
    0x2007c024   0x00000fa8   0x00000004   Data   RW         1123    .data               system_lpc17xx.o
    0x2007c028        -       0x000000a0   Zero   RW          936    .bss                gpdma_lpc17xx.o
    0x2007c0c8        -       0x00000060   Zero   RW         1277    .bss                c_w.l(libspace.o)
    0x2007c128        -       0x00000000   Zero   RW         1109    HEAP                startup_lpc17xx.o


==============================================================================

Image component sizes


      Code (inc. data)   RO Data    RW Data    ZI Data      Debug   Object Name

       416         16          0          8        160       6689   gpdma_lpc17xx.o
       498          0          0          0          0      17910   lcd_ili9325.o
       234         48          0          8          0      31106   lcdlib.o
       106         18          0          1          0       6364   main.o
       242         18          0          0          0       3223   open1768_lcd.o
       194         34          8          1          0      32022   player_recorder.o
       332         66          0          8          0       4211   soundlib.o
        64         26        204          0        512       1020   startup_lpc17xx.o
       744         34          0          4          0       1387   system_lpc17xx.o
       162         26          0          4          0      29170   timelib.o
       192         18          0          0          0       1744   tp_open1768.o

    ----------------------------------------------------------------------
      3196        304        260         40        672     134846   Object Totals
         0          0         48          0          0          0   (incl. Generated)
        12          0          0          6          0          0   (incl. Padding)

    ----------------------------------------------------------------------

      Code (inc. data)   RO Data    RW Data    ZI Data      Debug   Library Member Name

         8          0          0          0          0         68   __main.o
         0          0          0          0          0          0   __rtentry.o
        12          0          0          0          0          0   __rtentry2.o
         6          0          0          0          0          0   __rtentry4.o
        52          8          0          0          0          0   __scatter.o
        26          0          0          0          0          0   __scatter_copy.o
        28          0          0          0          0          0   __scatter_zi.o
        18          0          0          0          0         80   exit.o
         6          0          0          0          0        152   heapauxi.o
         0          0          0          0          0          0   indicate_semi.o
         2          0          0          0          0          0   libinit.o
         2          0          0          0          0          0   libinit2.o
         2          0          0          0          0          0   libshutdown.o
         2          0          0          0          0          0   libshutdown2.o
         8          4          0          0         96         68   libspace.o
       238          0          0          0          0        100   lludivv7m.o
         2          0          0          0          0          0   rtexit.o
        10          0          0          0          0          0   rtexit2.o
        12          4          0          0          0         68   sys_exit.o
        74          0          0          0          0         80   sys_stackheap_outer.o
         2          0          0          0          0         68   use_no_semi.o

    ----------------------------------------------------------------------
       516         16          0          0         96        684   Library Totals
         6          0          0          0          0          0   (incl. Padding)

    ----------------------------------------------------------------------

      Code (inc. data)   RO Data    RW Data    ZI Data      Debug   Library Name

       510         16          0          0         96        684   c_w.l

    ----------------------------------------------------------------------
       516         16          0          0         96        684   Library Totals

    ----------------------------------------------------------------------

==============================================================================


      Code (inc. data)   RO Data    RW Data    ZI Data      Debug   

      3712        320        260         40        768     133342   Grand Totals
      3712        320        260         40        768     133342   ELF Image Totals
      3712        320        260         40          0          0   ROM Totals

==============================================================================

    Total RO  Size (Code + RO Data)                 3972 (   3.88kB)
    Total RW  Size (RW Data + ZI Data)               808 (   0.79kB)
    Total ROM Size (Code + RO Data + RW Data)       4012 (   3.92kB)

==============================================================================

